<html>
<body>
<pre>
<h1>µVision Build Log</h1>
<h2>Tool Versions:</h2>
IDE-Version: µVision V5.21.1.0
Copyright (C) 2016 ARM Ltd and ARM Germany GmbH. All rights reserved.
License Information: aaaaa Tech, Hewlett-Packard, LIC=----
 
Tool Versions:
Toolchain:       MDK-Lite  Version: 5.21a
Toolchain Path:  C:\Keil_v5\ARM\ARMCC\Bin
C Compiler:      Armcc.exe V5.06 update 3 (build 300)
Assembler:       Armasm.exe V5.06 update 3 (build 300)
Linker/Locator:  ArmLink.exe V5.06 update 3 (build 300)
Library Manager: ArmAr.exe V5.06 update 3 (build 300)
Hex Converter:   FromElf.exe V5.06 update 3 (build 300)
CPU DLL:         
Dialog DLL:      
Target DLL:      Segger\JL2CM3.dll V2.99.23.0
Dialog DLL:      TARMCM1.DLL V1.10.0.0
 
<h2>Project:</h2>
C:\JBedit\MnH\nRF51_SDKv10.0.0\examples\ble_peripheral\ble_app_hrs\pca10028\s110\arm5_no_packs\ble_app_hrs_s110_pca10028.uvprojx
Project File Date:  11/03/2016

<h2>Output:</h2>
*** Using Compiler 'V5.06 update 3 (build 300)', folder: 'C:\Keil_v5\ARM\ARMCC\Bin'
Build target 'nrf51422_xxac_s110'
compiling main.c...
..\..\..\main.c(281): warning:  #177-D: variable "flags" was declared but never referenced
      uint8_t       flags = BLE_GAP_ADV_FLAGS_LE_ONLY_GENERAL_DISC_MODE;
..\..\..\main.c(282): warning:  #177-D: variable "adv_uuids" was declared but never referenced
      ble_uuid_t adv_uuids[] =
..\..\..\main.c(1000): warning:  #177-D: variable "flags" was declared but never referenced
      uint8_t       flags = BLE_GAP_ADV_FLAGS_LE_ONLY_GENERAL_DISC_MODE;	
..\..\..\main.c(1002): warning:  #177-D: variable "adv_uuids" was declared but never referenced
  	  ble_uuid_t adv_uuids[] =
..\..\..\main.c(146): warning:  #550-D: variable "adc" was set but never used
  static uint8_t                     adc = 0xAA; // Adc initail value					
..\..\..\main.c: 5 warnings, 0 errors
linking...
Program Size: Code=18932 RO-data=440 RW-data=344 ZI-data=4064  
FromELF: creating hex file...
".\_build\nrf51422_xxac_s110.axf" - 0 Error(s), 5 Warning(s).

<h2>Software Packages used:</h2>

Package Vendor: ARM
                http://www.keil.com/pack/ARM.CMSIS.4.5.0.pack
                ARM::CMSIS:CORE:4.3.0
                CMSIS (Cortex Microcontroller Software Interface Standard)
   * Component: CORE Version: 4.3.0

Package Vendor: NordicSemiconductor
                http://developer.nordicsemi.com/nRF51_SDK/pieces/nRF_DeviceFamilyPack/NordicSemiconductor.nRF_DeviceFamilyPack.8.2.0.pack
                NordicSemiconductor::Device:Startup:8.2.0
                Nordic Semiconductor nRF ARM devices Device Family Pack.
   * Component: Startup Version: 8.2.0

<h2>Collection of Component include folders:</h2>
  C:\JBedit\MnH\nRF51_SDKv10.0.0\examples\ble_peripheral\ble_app_hrs\pca10028\s110\arm5_no_packs\RTE
  C:\Keil_v5\ARM\PACK\ARM\CMSIS\4.5.0\CMSIS\Include
  C:\Keil_v5\ARM\PACK\NordicSemiconductor\nRF_DeviceFamilyPack\8.2.0\Device\Include
  C:\Keil_v5\ARM\PACK\NordicSemiconductor\nRF_DeviceFamilyPack\8.5.0\Device\Include

<h2>Collection of Component Files used:</h2>

   * Component: ARM::CMSIS:CORE:4.3.0

   * Component: NordicSemiconductor::Device:Startup:8.2.0
      Source file:   Device\Source\arm\arm_startup_nrf51.s
      Source file:   Device\Source\system_nrf51.c
      Include file:  Device\Include\system_nrf51.h
Build Time Elapsed:  00:00:02
</pre>
</body>
</html>
