Component: ARM Compiler 5.06 update 3 (build 300) Tool: armlink [4d35c9]

==============================================================================

Section Cross References

    main.o(i.ADC_IRQHandler) refers to main.o(i.nrf_gpio_pin_toggle) for nrf_gpio_pin_toggle
    main.o(i.ADC_IRQHandler) refers to main.o(.data) for .data
    main.o(i.adc_config) refers to nrf_adc.o(i.nrf_adc_configure) for nrf_adc_configure
    main.o(i.adc_config) refers to main.o(.constdata) for .constdata
    main.o(i.advertising_init) refers to memseta.o(.text) for __aeabi_memclr4
    main.o(i.advertising_init) refers to ble_advertising.o(i.ble_advertising_init) for ble_advertising_init
    main.o(i.advertising_init) refers to app_error.o(i.app_error_handler) for app_error_handler
    main.o(i.advertising_init) refers to main.o(.bss) for .bss
    main.o(i.advertising_init) refers to main.o(.data) for .data
    main.o(i.advertising_init) refers to main.o(i.on_adv_evt) for on_adv_evt
    main.o(i.application_timers_start) refers to app_timer.o(i.app_timer_start) for app_timer_start
    main.o(i.application_timers_start) refers to app_error.o(i.app_error_handler) for app_error_handler
    main.o(i.application_timers_start) refers to main.o(.constdata) for .constdata
    main.o(i.assert_nrf_callback) refers to app_error.o(i.app_error_handler) for app_error_handler
    main.o(i.battery_level_meas_timeout_handler) refers to sensorsim.o(i.sensorsim_measure) for sensorsim_measure
    main.o(i.battery_level_meas_timeout_handler) refers to ble_bas.o(i.ble_bas_battery_level_update) for ble_bas_battery_level_update
    main.o(i.battery_level_meas_timeout_handler) refers to app_error.o(i.app_error_handler) for app_error_handler
    main.o(i.battery_level_meas_timeout_handler) refers to main.o(i.nrf_gpio_pin_toggle) for nrf_gpio_pin_toggle
    main.o(i.battery_level_meas_timeout_handler) refers to memseta.o(.text) for __aeabi_memclr4
    main.o(i.battery_level_meas_timeout_handler) refers to ble_advdata.o(i.ble_advdata_set) for ble_advdata_set
    main.o(i.battery_level_meas_timeout_handler) refers to main.o(.bss) for .bss
    main.o(i.battery_level_meas_timeout_handler) refers to main.o(.data) for .data
    main.o(i.ble_evt_dispatch) refers to device_manager_peripheral.o(i.dm_ble_evt_handler) for dm_ble_evt_handler
    main.o(i.ble_evt_dispatch) refers to ble_hrs.o(i.ble_hrs_on_ble_evt) for ble_hrs_on_ble_evt
    main.o(i.ble_evt_dispatch) refers to ble_bas.o(i.ble_bas_on_ble_evt) for ble_bas_on_ble_evt
    main.o(i.ble_evt_dispatch) refers to ble_conn_params.o(i.ble_conn_params_on_ble_evt) for ble_conn_params_on_ble_evt
    main.o(i.ble_evt_dispatch) refers to bsp_btn_ble.o(i.bsp_btn_ble_on_ble_evt) for bsp_btn_ble_on_ble_evt
    main.o(i.ble_evt_dispatch) refers to bsp.o(i.bsp_indication_set) for bsp_indication_set
    main.o(i.ble_evt_dispatch) refers to app_error.o(i.app_error_handler) for app_error_handler
    main.o(i.ble_evt_dispatch) refers to ble_advertising.o(i.ble_advertising_on_ble_evt) for ble_advertising_on_ble_evt
    main.o(i.ble_evt_dispatch) refers to main.o(.bss) for .bss
    main.o(i.ble_evt_dispatch) refers to main.o(.data) for .data
    main.o(i.ble_stack_init) refers to softdevice_handler.o(i.softdevice_handler_init) for softdevice_handler_init
    main.o(i.ble_stack_init) refers to app_error.o(i.app_error_handler) for app_error_handler
    main.o(i.ble_stack_init) refers to softdevice_handler.o(i.softdevice_ble_evt_handler_set) for softdevice_ble_evt_handler_set
    main.o(i.ble_stack_init) refers to softdevice_handler.o(i.softdevice_sys_evt_handler_set) for softdevice_sys_evt_handler_set
    main.o(i.ble_stack_init) refers to main.o(.bss) for .bss
    main.o(i.ble_stack_init) refers to main.o(i.ble_evt_dispatch) for ble_evt_dispatch
    main.o(i.ble_stack_init) refers to main.o(i.sys_evt_dispatch) for sys_evt_dispatch
    main.o(i.bsp_event_handler) refers to main.o(i.sleep_mode_enter) for sleep_mode_enter
    main.o(i.bsp_event_handler) refers to app_error.o(i.app_error_handler) for app_error_handler
    main.o(i.bsp_event_handler) refers to ble_advertising.o(i.ble_advertising_restart_without_whitelist) for ble_advertising_restart_without_whitelist
    main.o(i.bsp_event_handler) refers to main.o(.data) for .data
    main.o(i.conn_params_error_handler) refers to app_error.o(i.app_error_handler) for app_error_handler
    main.o(i.device_manager_evt_handler) refers to app_error.o(i.app_error_handler) for app_error_handler
    main.o(i.device_manager_init) refers to pstorage.o(i.pstorage_init) for pstorage_init
    main.o(i.device_manager_init) refers to app_error.o(i.app_error_handler) for app_error_handler
    main.o(i.device_manager_init) refers to device_manager_peripheral.o(i.dm_init) for dm_init
    main.o(i.device_manager_init) refers to memseta.o(.text) for __aeabi_memclr
    main.o(i.device_manager_init) refers to device_manager_peripheral.o(i.dm_register) for dm_register
[...]
    channel_port_get                         0x00019e89   Thumb Code    10  nrf_drv_gpiote.o(i.channel_port_get)
    i.char_add                               0x00019e98   Section        0  ble_dis.o(i.char_add)
    char_add                                 0x00019e99   Thumb Code   156  ble_dis.o(i.char_add)
    i.clear_operation_execute                0x00019f38   Section        0  pstorage.o(i.clear_operation_execute)
    clear_operation_execute                  0x00019f39   Thumb Code   252  pstorage.o(i.clear_operation_execute)
    i.clear_post_processing_run              0x0001a03c   Section        0  pstorage.o(i.clear_post_processing_run)
    clear_post_processing_run                0x0001a03d   Thumb Code    32  pstorage.o(i.clear_post_processing_run)
    i.cmd_process                            0x0001a060   Section        0  pstorage.o(i.cmd_process)
    cmd_process                              0x0001a061   Thumb Code    46  pstorage.o(i.cmd_process)
    i.cmd_queue_element_init                 0x0001a098   Section        0  pstorage.o(i.cmd_queue_element_init)
    cmd_queue_element_init                   0x0001a099   Thumb Code    26  pstorage.o(i.cmd_queue_element_init)
    i.cmd_queue_enqueue                      0x0001a0b8   Section        0  pstorage.o(i.cmd_queue_enqueue)
    cmd_queue_enqueue                        0x0001a0b9   Thumb Code    68  pstorage.o(i.cmd_queue_enqueue)
    i.command_end_procedure_run              0x0001a104   Section        0  pstorage.o(i.command_end_procedure_run)
    command_end_procedure_run                0x0001a105   Thumb Code    56  pstorage.o(i.command_end_procedure_run)
    i.compare_reg_update                     0x0001a140   Section        0  app_timer.o(i.compare_reg_update)
    compare_reg_update                       0x0001a141   Thumb Code   142  app_timer.o(i.compare_reg_update)
    i.conn_int_encode                        0x0001a1e8   Section        0  ble_advdata.o(i.conn_int_encode)
    conn_int_encode                          0x0001a1e9   Thumb Code   130  ble_advdata.o(i.conn_int_encode)
    i.conn_params_error_handler              0x0001a270   Section        0  main.o(i.conn_params_error_handler)
    conn_params_error_handler                0x0001a271   Thumb Code    12  main.o(i.conn_params_error_handler)
    i.conn_params_negotiation                0x0001a27c   Section        0  ble_conn_params.o(i.conn_params_negotiation)
    conn_params_negotiation                  0x0001a27d   Thumb Code    92  ble_conn_params.o(i.conn_params_negotiation)
    i.connection_instance_find               0x0001a2e4   Section        0  device_manager_peripheral.o(i.connection_instance_find)
    connection_instance_find                 0x0001a2e5   Thumb Code    38  device_manager_peripheral.o(i.connection_instance_find)
    i.connection_instance_init               0x0001a314   Section        0  device_manager_peripheral.o(i.connection_instance_init)
    connection_instance_init                 0x0001a315   Thumb Code    30  device_manager_peripheral.o(i.connection_instance_init)
    i.data_page_erase_state_run              0x0001a338   Section        0  pstorage.o(i.data_page_erase_state_run)
    data_page_erase_state_run                0x0001a339   Thumb Code    80  pstorage.o(i.data_page_erase_state_run)
    i.data_to_swap_write_state_run           0x0001a38c   Section        0  pstorage.o(i.data_to_swap_write_state_run)
    data_to_swap_write_state_run             0x0001a38d   Thumb Code    34  pstorage.o(i.data_to_swap_write_state_run)
    i.detection_delay_timeout_handler        0x0001a3b4   Section        0  app_button.o(i.detection_delay_timeout_handler)
    detection_delay_timeout_handler          0x0001a3b5   Thumb Code    90  app_button.o(i.detection_delay_timeout_handler)
    i.device_context_store                   0x0001a414   Section        0  device_manager_peripheral.o(i.device_context_store)
    device_context_store                     0x0001a415   Thumb Code   150  device_manager_peripheral.o(i.device_context_store)
    i.device_instance_allocate               0x0001a4c8   Section        0  device_manager_peripheral.o(i.device_instance_allocate)
    device_instance_allocate                 0x0001a4c9   Thumb Code    74  device_manager_peripheral.o(i.device_instance_allocate)
    i.device_instance_find                   0x0001a51c   Section        0  device_manager_peripheral.o(i.device_instance_find)
    device_instance_find                     0x0001a51d   Thumb Code    68  device_manager_peripheral.o(i.device_instance_find)
    i.device_instance_free                   0x0001a564   Section        0  device_manager_peripheral.o(i.device_instance_free)
    device_instance_free                     0x0001a565   Thumb Code    40  device_manager_peripheral.o(i.device_instance_free)
    i.device_manager_evt_handler             0x0001a590   Section        0  main.o(i.device_manager_evt_handler)
    device_manager_evt_handler               0x0001a591   Thumb Code    18  main.o(i.device_manager_evt_handler)
    i.device_manager_init                    0x0001a5a4   Section        0  main.o(i.device_manager_init)
    device_manager_init                      0x0001a5a5   Thumb Code   106  main.o(i.device_manager_init)
    i.dm_ble_evt_handler                     0x0001a618   Section        0  device_manager_peripheral.o(i.dm_ble_evt_handler)
    i.dm_handle_initialize                   0x0001a9f0   Section        0  device_manager_peripheral.o(i.dm_handle_initialize)
    i.dm_init                                0x0001aa0c   Section        0  device_manager_peripheral.o(i.dm_init)
    i.dm_pstorage_cb_handler                 0x0001aad0   Section        0  device_manager_peripheral.o(i.dm_pstorage_cb_handler)
    dm_pstorage_cb_handler                   0x0001aad1   Thumb Code   376  device_manager_peripheral.o(i.dm_pstorage_cb_handler)
    i.dm_register                            0x0001ac5c   Section        0  device_manager_peripheral.o(i.dm_register)
    i.elapsed_ticks_acquire                  0x0001acd0   Section        0  app_timer.o(i.elapsed_ticks_acquire)
    elapsed_ticks_acquire                    0x0001acd1   Thumb Code    58  app_timer.o(i.elapsed_ticks_acquire)
    i.flash_api_err_code_process             0x0001ad10   Section        0  pstorage.o(i.flash_api_err_code_process)
    flash_api_err_code_process               0x0001ad11   Thumb Code    28  pstorage.o(i.flash_api_err_code_process)
    i.flash_operation_success_run            0x0001ad30   Section        0  pstorage.o(i.flash_operation_success_run)
    flash_operation_success_run              0x0001ad31   Thumb Code   114  pstorage.o(i.flash_operation_success_run)
    i.flash_page_erase                       0x0001adb0   Section        0  pstorage.o(i.flash_page_erase)
    flash_page_erase                         0x0001adb1   Thumb Code    10  pstorage.o(i.flash_page_erase)
    i.flash_write                            0x0001adba   Section        0  pstorage.o(i.flash_write)
    flash_write                              0x0001adbb   Thumb Code    10  pstorage.o(i.flash_write)
    i.gap_params_init                        0x0001adc4   Section        0  main.o(i.gap_params_init)
    gap_params_init                          0x0001adc5   Thumb Code    90  main.o(i.gap_params_init)
    i.gattc_context_apply                    0x0001ae30   Section        0  device_manager_peripheral.o(i.gattc_context_apply)
    gattc_context_apply                      0x0001ae31   Thumb Code     4  device_manager_peripheral.o(i.gattc_context_apply)
    i.gattc_context_load                     0x0001ae34   Section        0  device_manager_peripheral.o(i.gattc_context_load)
    gattc_context_load                       0x0001ae35   Thumb Code     4  device_manager_peripheral.o(i.gattc_context_load)
    i.gattc_context_store                    0x0001ae38   Section        0  device_manager_peripheral.o(i.gattc_context_store)
    gattc_context_store                      0x0001ae39   Thumb Code     4  device_manager_peripheral.o(i.gattc_context_store)
    i.gatts_context_apply                    0x0001ae3c   Section        0  device_manager_peripheral.o(i.gatts_context_apply)
    gatts_context_apply                      0x0001ae3d   Thumb Code   160  device_manager_peripheral.o(i.gatts_context_apply)
    i.gatts_context_load                     0x0001aeec   Section        0  device_manager_peripheral.o(i.gatts_context_load)
    gatts_context_load                       0x0001aeed   Thumb Code    44  device_manager_peripheral.o(i.gatts_context_load)
    i.gatts_context_store                    0x0001af1c   Section        0  device_manager_peripheral.o(i.gatts_context_store)
    gatts_context_store                      0x0001af1d   Thumb Code   158  device_manager_peripheral.o(i.gatts_context_store)
    i.gattsc_context_apply                   0x0001afc8   Section        0  device_manager_peripheral.o(i.gattsc_context_apply)
    gattsc_context_apply                     0x0001afc9   Thumb Code     8  device_manager_peripheral.o(i.gattsc_context_apply)
    i.gattsc_context_load                    0x0001afd0   Section        0  device_manager_peripheral.o(i.gattsc_context_load)
    gattsc_context_load                      0x0001afd1   Thumb Code     8  device_manager_peripheral.o(i.gattsc_context_load)
    i.gattsc_context_store                   0x0001afd8   Section        0  device_manager_peripheral.o(i.gattsc_context_store)
    gattsc_context_store                     0x0001afd9   Thumb Code     8  device_manager_peripheral.o(i.gattsc_context_store)
    i.gpiote_event_handler                   0x0001afe0   Section        0  app_button.o(i.gpiote_event_handler)
    gpiote_event_handler                     0x0001afe1   Thumb Code    72  app_button.o(i.gpiote_event_handler)
    i.head_restore_state_run                 0x0001b030   Section        0  pstorage.o(i.head_restore_state_run)
    head_restore_state_run                   0x0001b031   Thumb Code   110  pstorage.o(i.head_restore_state_run)
    i.heart_rate_meas_timeout_handler        0x0001b0a8   Section        0  main.o(i.heart_rate_meas_timeout_handler)
    heart_rate_meas_timeout_handler          0x0001b0a9   Thumb Code    80  main.o(i.heart_rate_meas_timeout_handler)
    i.heart_rate_measurement_char_add        0x0001b108   Section        0  ble_hrs.o(i.heart_rate_measurement_char_add)
    heart_rate_measurement_char_add          0x0001b109   Thumb Code   172  ble_hrs.o(i.heart_rate_measurement_char_add)
    i.hrm_encode                             0x0001b1b8   Section        0  ble_hrs.o(i.hrm_encode)
    hrm_encode                               0x0001b1b9   Thumb Code   136  ble_hrs.o(i.hrm_encode)
    i.intern_softdevice_events_execute       0x0001b240   Section        0  softdevice_handler.o(i.intern_softdevice_events_execute)
    i.is_conn_params_ok                      0x0001b2c0   Section        0  ble_conn_params.o(i.is_conn_params_ok)
    is_conn_params_ok                        0x0001b2c1   Thumb Code    24  ble_conn_params.o(i.is_conn_params_ok)
    i.is_manual_peripheral_setup_needed      0x0001b2dc   Section        0  system_nrf51.o(i.is_manual_peripheral_setup_needed)
    is_manual_peripheral_setup_needed        0x0001b2dd   Thumb Code    66  system_nrf51.o(i.is_manual_peripheral_setup_needed)
    i.is_page_erase_required                 0x0001b324   Section        0  pstorage.o(i.is_page_erase_required)
    is_page_erase_required                   0x0001b325   Thumb Code    60  pstorage.o(i.is_page_erase_required)
    i.is_word_aligned                        0x0001b368   Section        0  pstorage.o(i.is_word_aligned)
    is_word_aligned                          0x0001b369   Thumb Code    12  pstorage.o(i.is_word_aligned)
    i.le_role_encode                         0x0001b374   Section        0  ble_advdata.o(i.le_role_encode)
    le_role_encode                           0x0001b375   Thumb Code    84  ble_advdata.o(i.le_role_encode)
    i.leds_timer_handler                     0x0001b3c8   Section        0  bsp.o(i.leds_timer_handler)
    leds_timer_handler                       0x0001b3c9   Thumb Code    18  bsp.o(i.leds_timer_handler)
    i.list_deletions_handler                 0x0001b3e0   Section        0  app_timer.o(i.list_deletions_handler)
    list_deletions_handler                   0x0001b3e1   Thumb Code   180  app_timer.o(i.list_deletions_handler)
    i.list_insertions_handler                0x0001b49c   Section        0  app_timer.o(i.list_insertions_handler)
    list_insertions_handler                  0x0001b49d   Thumb Code   202  app_timer.o(i.list_insertions_handler)
    i.main                                   0x0001b570   Section        0  main.o(i.main)
    i.main_state_err_busy_process            0x0001b68c   Section        0  pstorage.o(i.main_state_err_busy_process)
    main_state_err_busy_process              0x0001b68d   Thumb Code    20  pstorage.o(i.main_state_err_busy_process)
    i.manuf_specific_data_encode             0x0001b6a4   Section        0  ble_advdata.o(i.manuf_specific_data_encode)
    manuf_specific_data_encode               0x0001b6a5   Thumb Code   104  ble_advdata.o(i.manuf_specific_data_encode)
    i.name_encode                            0x0001b70c   Section        0  ble_advdata.o(i.name_encode)
    name_encode                              0x0001b70d   Thumb Code   158  ble_advdata.o(i.name_encode)
    i.no_service_context_apply               0x0001b7aa   Section        0  device_manager_peripheral.o(i.no_service_context_apply)
    no_service_context_apply                 0x0001b7ab   Thumb Code     4  device_manager_peripheral.o(i.no_service_context_apply)
    i.no_service_context_load                0x0001b7ae   Section        0  device_manager_peripheral.o(i.no_service_context_load)
    no_service_context_load                  0x0001b7af   Thumb Code     4  device_manager_peripheral.o(i.no_service_context_load)
    i.no_service_context_store               0x0001b7b2   Section        0  device_manager_peripheral.o(i.no_service_context_store)
    no_service_context_store                 0x0001b7b3   Thumb Code     4  device_manager_peripheral.o(i.no_service_context_store)
    i.nrf_drv_common_irq_enable              0x0001b7b8   Section        0  nrf_drv_common.o(i.nrf_drv_common_irq_enable)
    i.nrf_drv_gpiote_in_event_enable         0x0001b818   Section        0  nrf_drv_gpiote.o(i.nrf_drv_gpiote_in_event_enable)
    i.nrf_drv_gpiote_in_init                 0x0001b8b8   Section        0  nrf_drv_gpiote.o(i.nrf_drv_gpiote_in_init)
    i.nrf_drv_gpiote_in_is_set               0x0001b95c   Section        0  nrf_drv_gpiote.o(i.nrf_drv_gpiote_in_is_set)
    i.nrf_drv_gpiote_init                    0x0001b970   Section        0  nrf_drv_gpiote.o(i.nrf_drv_gpiote_init)
    i.nrf_drv_gpiote_is_init                 0x0001b9c4   Section        0  nrf_drv_gpiote.o(i.nrf_drv_gpiote_is_init)
    i.nrf_gpio_cfg                           0x0001b9d4   Section        0  main.o(i.nrf_gpio_cfg)
    nrf_gpio_cfg                             0x0001b9d5   Thumb Code    32  main.o(i.nrf_gpio_cfg)
    i.nrf_gpio_cfg                           0x0001b9f8   Section        0  nrf_drv_gpiote.o(i.nrf_gpio_cfg)
    nrf_gpio_cfg                             0x0001b9f9   Thumb Code    32  nrf_drv_gpiote.o(i.nrf_gpio_cfg)
    i.nrf_gpio_cfg_output                    0x0001ba1c   Section        0  main.o(i.nrf_gpio_cfg_output)
    nrf_gpio_cfg_output                      0x0001ba1d   Thumb Code    20  main.o(i.nrf_gpio_cfg_output)
    i.nrf_gpio_cfg_sense_set                 0x0001ba30   Section        0  nrf_drv_gpiote.o(i.nrf_gpio_cfg_sense_set)
    nrf_gpio_cfg_sense_set                   0x0001ba31   Thumb Code    26  nrf_drv_gpiote.o(i.nrf_gpio_cfg_sense_set)
    i.nrf_gpio_pin_toggle                    0x0001ba50   Section        0  main.o(i.nrf_gpio_pin_toggle)
    nrf_gpio_pin_toggle                      0x0001ba51   Thumb Code    24  main.o(i.nrf_gpio_pin_toggle)
    i.nrf_gpiote_event_is_set                0x0001ba6c   Section        0  nrf_drv_gpiote.o(i.nrf_gpiote_event_is_set)
    nrf_gpiote_event_is_set                  0x0001ba6d   Thumb Code    14  nrf_drv_gpiote.o(i.nrf_gpiote_event_is_set)
    i.nrf_uart_event_check                   0x0001ba80   Section        0  nrf_drv_uart.o(i.nrf_uart_event_check)
    nrf_uart_event_check                     0x0001ba81   Thumb Code    10  nrf_drv_uart.o(i.nrf_uart_event_check)
    i.nrf_uart_int_enable_check              0x0001ba8a   Section        0  nrf_drv_uart.o(i.nrf_uart_int_enable_check)
    nrf_uart_int_enable_check                0x0001ba8b   Thumb Code    16  nrf_drv_uart.o(i.nrf_uart_int_enable_check)
    i.on_adv_evt                             0x0001ba9a   Section        0  main.o(i.on_adv_evt)
    on_adv_evt                               0x0001ba9b   Thumb Code    36  main.o(i.on_adv_evt)
    i.on_conn_params_evt                     0x0001bac0   Section        0  main.o(i.on_conn_params_evt)
    on_conn_params_evt                       0x0001bac1   Thumb Code    30  main.o(i.on_conn_params_evt)
    i.peer_address_exists                    0x0001bae4   Section        0  ble_advertising.o(i.peer_address_exists)
    peer_address_exists                      0x0001bae5   Thumb Code    22  ble_advertising.o(i.peer_address_exists)
    i.peer_instance_init                     0x0001bafc   Section        0  device_manager_peripheral.o(i.peer_instance_init)
    peer_instance_init                       0x0001bafd   Thumb Code    60  device_manager_peripheral.o(i.peer_instance_init)
    i.pin_in_use_by_port                     0x0001bb3c   Section        0  nrf_drv_gpiote.o(i.pin_in_use_by_port)
    pin_in_use_by_port                       0x0001bb3d   Thumb Code    20  nrf_drv_gpiote.o(i.pin_in_use_by_port)
    i.pin_in_use_by_te                       0x0001bb54   Section        0  nrf_drv_gpiote.o(i.pin_in_use_by_te)
    pin_in_use_by_te                         0x0001bb55   Thumb Code    20  nrf_drv_gpiote.o(i.pin_in_use_by_te)
    i.pnp_id_encode                          0x0001bb6c   Section        0  ble_dis.o(i.pnp_id_encode)
    pnp_id_encode                            0x0001bb6d   Thumb Code    62  ble_dis.o(i.pnp_id_encode)
    i.pstorage_access_status_get             0x0001bbac   Section        0  pstorage.o(i.pstorage_access_status_get)
    i.pstorage_block_identifier_get          0x0001bbd4   Section        0  pstorage.o(i.pstorage_block_identifier_get)
    i.pstorage_clear                         0x0001bc28   Section        0  pstorage.o(i.pstorage_clear)
    i.pstorage_flash_page_end                0x0001bccc   Section        0  pstorage.o(i.pstorage_flash_page_end)
    pstorage_flash_page_end                  0x0001bccd   Thumb Code    32  pstorage.o(i.pstorage_flash_page_end)
    i.pstorage_flash_page_size               0x0001bcf0   Section        0  pstorage.o(i.pstorage_flash_page_size)
    pstorage_flash_page_size                 0x0001bcf1   Thumb Code    10  pstorage.o(i.pstorage_flash_page_size)
    i.pstorage_init                          0x0001bcfc   Section        0  pstorage.o(i.pstorage_init)
    i.pstorage_load                          0x0001bd48   Section        0  pstorage.o(i.pstorage_load)
    i.pstorage_register                      0x0001bdf0   Section        0  pstorage.o(i.pstorage_register)
    i.pstorage_store                         0x0001beac   Section        0  pstorage.o(i.pstorage_store)
    i.pstorage_sys_event_handler             0x0001bf3c   Section        0  pstorage.o(i.pstorage_sys_event_handler)
    i.pstorage_update                        0x0001bf88   Section        0  pstorage.o(i.pstorage_update)
    i.rr_interval_timeout_handler            0x0001c018   Section        0  main.o(i.rr_interval_timeout_handler)
    rr_interval_timeout_handler              0x0001c019   Thumb Code    32  main.o(i.rr_interval_timeout_handler)
    i.rtc1_stop                              0x0001c040   Section        0  app_timer.o(i.rtc1_stop)
    rtc1_stop                                0x0001c041   Thumb Code    50  app_timer.o(i.rtc1_stop)
    i.rx_byte                                0x0001c084   Section        0  nrf_drv_uart.o(i.rx_byte)
    rx_byte                                  0x0001c085   Thumb Code    30  nrf_drv_uart.o(i.rx_byte)
    i.rx_done_event                          0x0001c0b0   Section        0  nrf_drv_uart.o(i.rx_done_event)
    rx_done_event                            0x0001c0b1   Thumb Code    28  nrf_drv_uart.o(i.rx_done_event)
    i.sensor_contact_detected_timeout_handler 0x0001c0d0   Section        0  main.o(i.sensor_contact_detected_timeout_handler)
    sensor_contact_detected_timeout_handler  0x0001c0d1   Thumb Code    20  main.o(i.sensor_contact_detected_timeout_handler)
    i.sensor_simulator_init                  0x0001c0ec   Section        0  main.o(i.sensor_simulator_init)
    sensor_simulator_init                    0x0001c0ed   Thumb Code    84  main.o(i.sensor_simulator_init)
    i.sensorsim_decrement                    0x0001c148   Section        0  sensorsim.o(i.sensorsim_decrement)
    i.sensorsim_increment                    0x0001c164   Section        0  sensorsim.o(i.sensorsim_increment)
    i.sensorsim_init                         0x0001c180   Section        0  sensorsim.o(i.sensorsim_init)
    i.sensorsim_measure                      0x0001c198   Section        0  sensorsim.o(i.sensorsim_measure)
    i.service_data_encode                    0x0001c1b2   Section        0  ble_advdata.o(i.service_data_encode)
    service_data_encode                      0x0001c1b3   Thumb Code   142  ble_advdata.o(i.service_data_encode)
    i.services_init                          0x0001c240   Section        0  main.o(i.services_init)
    services_init                            0x0001c241   Thumb Code   226  main.o(i.services_init)
    i.sleep_mode_enter                       0x0001c33c   Section        0  main.o(i.sleep_mode_enter)
    sleep_mode_enter                         0x0001c33d   Thumb Code    52  main.o(i.sleep_mode_enter)
    i.sm_state_change                        0x0001c370   Section        0  pstorage.o(i.sm_state_change)
    sm_state_change                          0x0001c371   Thumb Code    62  pstorage.o(i.sm_state_change)
    i.softdevice_assertion_handler           0x0001c3b8   Section        0  softdevice_handler.o(i.softdevice_assertion_handler)
    i.softdevice_ble_evt_handler_set         0x0001c3c4   Section        0  softdevice_handler.o(i.softdevice_ble_evt_handler_set)
    i.softdevice_handler_init                0x0001c3d8   Section        0  softdevice_handler.o(i.softdevice_handler_init)
    i.softdevice_sys_evt_handler_set         0x0001c408   Section        0  softdevice_handler.o(i.softdevice_sys_evt_handler_set)
    i.state_data_erase_swap_entry_run        0x0001c41c   Section        0  pstorage.o(i.state_data_erase_swap_entry_run)
    state_data_erase_swap_entry_run          0x0001c41d   Thumb Code    92  pstorage.o(i.state_data_erase_swap_entry_run)
    i.state_erase_data_page_entry_run        0x0001c480   Section        0  pstorage.o(i.state_erase_data_page_entry_run)
    state_erase_data_page_entry_run          0x0001c481   Thumb Code    12  pstorage.o(i.state_erase_data_page_entry_run)
    i.state_restore_head_entry_run           0x0001c490   Section        0  pstorage.o(i.state_restore_head_entry_run)
    state_restore_head_entry_run             0x0001c491   Thumb Code    36  pstorage.o(i.state_restore_head_entry_run)
    i.state_restore_tail_entry_run           0x0001c4b8   Section        0  pstorage.o(i.state_restore_tail_entry_run)
    state_restore_tail_entry_run             0x0001c4b9   Thumb Code    66  pstorage.o(i.state_restore_tail_entry_run)
    i.state_swap_erase_entry_run             0x0001c504   Section        0  pstorage.o(i.state_swap_erase_entry_run)
    state_swap_erase_entry_run               0x0001c505   Thumb Code    32  pstorage.o(i.state_swap_erase_entry_run)
    i.state_write_data_swap_entry_run        0x0001c524   Section        0  pstorage.o(i.state_write_data_swap_entry_run)
    state_write_data_swap_entry_run          0x0001c525   Thumb Code    42  pstorage.o(i.state_write_data_swap_entry_run)
    i.storage_operation_dummy_handler        0x0001c554   Section        0  device_manager_peripheral.o(i.storage_operation_dummy_handler)
    storage_operation_dummy_handler          0x0001c555   Thumb Code     4  device_manager_peripheral.o(i.storage_operation_dummy_handler)
    i.store_cmd_flash_write_execute          0x0001c558   Section        0  pstorage.o(i.store_cmd_flash_write_execute)
    store_cmd_flash_write_execute            0x0001c559   Thumb Code    82  pstorage.o(i.store_cmd_flash_write_execute)
    i.swap_erase_state_run                   0x0001c5b4   Section        0  pstorage.o(i.swap_erase_state_run)
    swap_erase_state_run                     0x0001c5b5   Thumb Code    24  pstorage.o(i.swap_erase_state_run)
    i.swap_sub_state_err_busy_process        0x0001c5d0   Section        0  pstorage.o(i.swap_sub_state_err_busy_process)
    swap_sub_state_err_busy_process          0x0001c5d1   Thumb Code    20  pstorage.o(i.swap_sub_state_err_busy_process)
    i.swap_sub_state_state_change            0x0001c5e8   Section        0  pstorage.o(i.swap_sub_state_state_change)
    swap_sub_state_state_change              0x0001c5e9   Thumb Code    12  pstorage.o(i.swap_sub_state_state_change)
    i.sys_evt_dispatch                       0x0001c5fc   Section        0  main.o(i.sys_evt_dispatch)
    sys_evt_dispatch                         0x0001c5fd   Thumb Code    16  main.o(i.sys_evt_dispatch)
    i.sys_id_encode                          0x0001c60c   Section        0  ble_dis.o(i.sys_id_encode)
    sys_id_encode                            0x0001c60d   Thumb Code    86  ble_dis.o(i.sys_id_encode)
    i.tail_restore_state_run                 0x0001c664   Section        0  pstorage.o(i.tail_restore_state_run)
    tail_restore_state_run                   0x0001c665   Thumb Code    22  pstorage.o(i.tail_restore_state_run)
    i.timer_list_handler                     0x0001c680   Section        0  app_timer.o(i.timer_list_handler)
    timer_list_handler                       0x0001c681   Thumb Code   128  app_timer.o(i.timer_list_handler)
    i.timer_list_handler_sched               0x0001c704   Section        0  app_timer.o(i.timer_list_handler_sched)
    timer_list_handler_sched                 0x0001c705   Thumb Code    10  app_timer.o(i.timer_list_handler_sched)
    i.timer_list_insert                      0x0001c714   Section        0  app_timer.o(i.timer_list_insert)
    timer_list_insert                        0x0001c715   Thumb Code    60  app_timer.o(i.timer_list_insert)
    i.timer_timeouts_check                   0x0001c754   Section        0  app_timer.o(i.timer_timeouts_check)
    timer_timeouts_check                     0x0001c755   Thumb Code   122  app_timer.o(i.timer_timeouts_check)
    i.timers_init                            0x0001c7d8   Section        0  main.o(i.timers_init)
    timers_init                              0x0001c7d9   Thumb Code   134  main.o(i.timers_init)
    i.tx_byte                                0x0001c87c   Section        0  nrf_drv_uart.o(i.tx_byte)
    tx_byte                                  0x0001c87d   Thumb Code    30  nrf_drv_uart.o(i.tx_byte)
    i.tx_done_event                          0x0001c8a8   Section        0  nrf_drv_uart.o(i.tx_done_event)
    tx_done_event                            0x0001c8a9   Thumb Code    26  nrf_drv_uart.o(i.tx_done_event)
    i.uint16_encode                          0x0001c8c8   Section        0  ble_advdata.o(i.uint16_encode)
    uint16_encode                            0x0001c8c9   Thumb Code    10  ble_advdata.o(i.uint16_encode)
    i.update_status_bit_reset                0x0001c8d4   Section        0  device_manager_peripheral.o(i.update_status_bit_reset)
    update_status_bit_reset                  0x0001c8d5   Thumb Code    14  device_manager_peripheral.o(i.update_status_bit_reset)
    i.update_timeout_handler                 0x0001c8e8   Section        0  ble_conn_params.o(i.update_timeout_handler)
    update_timeout_handler                   0x0001c8e9   Thumb Code    86  ble_conn_params.o(i.update_timeout_handler)
    i.user_id_get                            0x0001c94c   Section        0  app_timer.o(i.user_id_get)
    user_id_get                              0x0001c94d   Thumb Code    74  app_timer.o(i.user_id_get)
    i.user_op_alloc                          0x0001c9a0   Section        0  app_timer.o(i.user_op_alloc)
    user_op_alloc                            0x0001c9a1   Thumb Code    38  app_timer.o(i.user_op_alloc)
    i.uuid_list_encode                       0x0001c9c6   Section        0  ble_advdata.o(i.uuid_list_encode)
    uuid_list_encode                         0x0001c9c7   Thumb Code    48  ble_advdata.o(i.uuid_list_encode)
    i.uuid_list_sized_encode                 0x0001c9f6   Section        0  ble_advdata.o(i.uuid_list_sized_encode)
    uuid_list_sized_encode                   0x0001c9f7   Thumb Code   174  ble_advdata.o(i.uuid_list_sized_encode)
    i.whitelist_has_entries                  0x0001caa4   Section        0  ble_advertising.o(i.whitelist_has_entries)
    whitelist_has_entries                    0x0001caa5   Thumb Code    16  ble_advertising.o(i.whitelist_has_entries)
    .constdata                               0x0001cab4   Section       52  main.o(.constdata)
    m_battery_timer_id                       0x0001cab4   Data           4  main.o(.constdata)
    m_heart_rate_timer_id                    0x0001cab8   Data           4  main.o(.constdata)
    m_rr_interval_timer_id                   0x0001cabc   Data           4  main.o(.constdata)
    m_sensor_contact_timer_id                0x0001cac0   Data           4  main.o(.constdata)
    m_adc_sampling_timer_id                  0x0001cac4   Data           4  main.o(.constdata)
    .constdata                               0x0001cae8   Section       60  bsp.o(.constdata)
    m_leds_timer_id                          0x0001cae8   Data           4  bsp.o(.constdata)
    m_alert_timer_id                         0x0001caec   Data           4  bsp.o(.constdata)
    m_button_timer_id                        0x0001caf0   Data           4  bsp.o(.constdata)
    m_buttons_list                           0x0001caf4   Data          16  bsp.o(.constdata)
    app_buttons                              0x0001cb04   Data          32  bsp.o(.constdata)
    .constdata                               0x0001cb24   Section        4  ble_conn_params.o(.constdata)
    m_conn_params_timer_id                   0x0001cb24   Data           4  ble_conn_params.o(.constdata)
    .constdata                               0x0001cb28   Section       52  device_manager_peripheral.o(.constdata)
    .constdata                               0x0001cb5c   Section       40  pstorage.o(.constdata)
    swap_sub_state_sm_lut                    0x0001cb5c   Data          20  pstorage.o(.constdata)
    swap_sub_state_sm_lut                    0x0001cb70   Data          20  pstorage.o(.constdata)
    .constdata                               0x0001cb84   Section        8  app_button.o(.constdata)
    m_detection_delay_timer_id               0x0001cb84   Data           4  app_button.o(.constdata)
    .data                                    0x20002000   Section       48  main.o(.data)
    m_rr_interval_enabled                    0x20002000   Data           1  main.o(.data)
    sensor_contact_detected                  0x20002001   Data           1  main.o(.data)
    m_app_handle                             0x20002002   Data           1  main.o(.data)
    m_conn_handle                            0x20002004   Data           2  main.o(.data)
    cnt                                      0x20002008   Data           4  main.o(.data)
    m_battery_sim_state                      0x2000200c   Data           8  main.o(.data)
    m_heart_rate_sim_state                   0x20002014   Data           8  main.o(.data)
    m_rr_interval_sim_state                  0x2000201c   Data           8  main.o(.data)
    m_adv_uuids                              0x20002024   Data          12  main.o(.data)
    .data                                    0x20002030   Section       24  bsp.o(.data)
    m_stable_state                           0x20002030   Data           1  bsp.o(.data)
    current_long_push_pin_no                 0x20002031   Data           1  bsp.o(.data)
    m_app_ticks_per_100ms                    0x20002034   Data           4  bsp.o(.data)
    m_indication_type                        0x20002038   Data           4  bsp.o(.data)
    m_alert_mask                             0x2000203c   Data           4  bsp.o(.data)
    m_registered_callback                    0x20002040   Data           4  bsp.o(.data)
    release_event_at_push                    0x20002044   Data           4  bsp.o(.data)
    .data                                    0x20002048   Section        8  bsp_btn_ble.o(.data)
    m_error_handler                          0x20002048   Data           4  bsp_btn_ble.o(.data)
    m_num_connections                        0x2000204c   Data           4  bsp_btn_ble.o(.data)
    .data                                    0x20002050   Section       31  ble_advertising.o(.data)
    m_advertising_start_pending              0x20002050   Data           1  ble_advertising.o(.data)
    m_whitelist_temporarily_disabled         0x20002051   Data           1  ble_advertising.o(.data)
    m_whitelist_reply_expected               0x20002052   Data           1  ble_advertising.o(.data)
    m_peer_addr_reply_expected               0x20002053   Data           1  ble_advertising.o(.data)
    m_adv_evt                                0x20002054   Data           1  ble_advertising.o(.data)
    m_adv_mode_current                       0x20002055   Data           1  ble_advertising.o(.data)
    m_tx_power_level                         0x20002056   Data           1  ble_advertising.o(.data)
    current_slave_link_conn_handle           0x20002058   Data           2  ble_advertising.o(.data)
    m_evt_handler                            0x2000205c   Data           4  ble_advertising.o(.data)
    m_error_handler                          0x20002060   Data           4  ble_advertising.o(.data)
    m_slave_conn_int                         0x20002064   Data           4  ble_advertising.o(.data)
    m_peer_address                           0x20002068   Data           7  ble_advertising.o(.data)
    .data                                    0x20002070   Section       20  ble_conn_params.o(.data)
    m_change_param                           0x20002070   Data           1  ble_conn_params.o(.data)
    m_update_count                           0x20002071   Data           1  ble_conn_params.o(.data)
    m_conn_handle                            0x20002072   Data           2  ble_conn_params.o(.data)
    m_preferred_conn_params                  0x20002074   Data           8  ble_conn_params.o(.data)
    m_current_conn_params                    0x2000207c   Data           8  ble_conn_params.o(.data)
    .data                                    0x20002084   Section       74  ble_dis.o(.data)
    service_handle                           0x20002084   Data           2  ble_dis.o(.data)
    manufact_name_handles                    0x20002086   Data           8  ble_dis.o(.data)
    model_num_handles                        0x2000208e   Data           8  ble_dis.o(.data)
    serial_num_handles                       0x20002096   Data           8  ble_dis.o(.data)
    hw_rev_handles                           0x2000209e   Data           8  ble_dis.o(.data)
    fw_rev_handles                           0x200020a6   Data           8  ble_dis.o(.data)
    sw_rev_handles                           0x200020ae   Data           8  ble_dis.o(.data)
    sys_id_handles                           0x200020b6   Data           8  ble_dis.o(.data)
    reg_cert_data_list_handles               0x200020be   Data           8  ble_dis.o(.data)
    pnp_id_handles                           0x200020c6   Data           8  ble_dis.o(.data)
    .data                                    0x200020d0   Section       24  device_manager_peripheral.o(.data)
    m_module_initialized                     0x200020d0   Data           1  device_manager_peripheral.o(.data)
    m_peer_addr_update                       0x200020d4   Data           4  device_manager_peripheral.o(.data)
    m_irk_index_table                        0x200020d8   Data           7  device_manager_peripheral.o(.data)
    m_storage_handle                         0x200020e0   Data           8  device_manager_peripheral.o(.data)
    .data                                    0x200020e8   Section       36  pstorage.o(.data)
    m_state                                  0x200020e8   Data           1  pstorage.o(.data)
    m_swap_sub_state                         0x200020e9   Data           1  pstorage.o(.data)
    m_next_app_instance                      0x200020ea   Data           2  pstorage.o(.data)
    m_flags                                  0x200020ec   Data           4  pstorage.o(.data)
    m_next_page_addr                         0x200020f0   Data           4  pstorage.o(.data)
    m_head_word_size                         0x200020f4   Data           4  pstorage.o(.data)
    m_tail_word_size                         0x200020f8   Data           4  pstorage.o(.data)
    m_current_page_id                        0x200020fc   Data           4  pstorage.o(.data)
    m_num_of_command_retries                 0x20002100   Data           4  pstorage.o(.data)
    m_num_of_bytes_written                   0x20002104   Data           4  pstorage.o(.data)
    m_app_data_size                          0x20002108   Data           4  pstorage.o(.data)
    .data                                    0x2000210c   Section       20  app_button.o(.data)
    m_button_count                           0x2000210c   Data           1  app_button.o(.data)
    mp_buttons                               0x20002110   Data           4  app_button.o(.data)
    m_detection_delay                        0x20002114   Data           4  app_button.o(.data)
    m_pin_state                              0x20002118   Data           4  app_button.o(.data)
    m_pin_transition                         0x2000211c   Data           4  app_button.o(.data)
    .data                                    0x20002120   Section       32  app_timer.o(.data)
    m_user_array_size                        0x20002120   Data           1  app_timer.o(.data)
    m_ticks_elapsed_q_read_ind               0x20002121   Data           1  app_timer.o(.data)
    m_ticks_elapsed_q_write_ind              0x20002122   Data           1  app_timer.o(.data)
    m_rtc1_running                           0x20002123   Data           1  app_timer.o(.data)
    m_rtc1_reset                             0x20002124   Data           1  app_timer.o(.data)
    mp_users                                 0x20002128   Data           4  app_timer.o(.data)
    mp_timer_id_head                         0x2000212c   Data           4  app_timer.o(.data)
    m_ticks_latest                           0x20002130   Data           4  app_timer.o(.data)
    m_evt_schedule_func                      0x20002134   Data           4  app_timer.o(.data)
    m_ticks_elapsed                          0x20002138   Data           8  app_timer.o(.data)
    .data                                    0x20002140   Section       20  softdevice_handler.o(.data)
    m_softdevice_enabled                     0x20002140   Data           1  softdevice_handler.o(.data)
    m_ble_evt_buffer_size                    0x20002142   Data           2  softdevice_handler.o(.data)
    m_evt_schedule_func                      0x20002144   Data           4  softdevice_handler.o(.data)
    mp_ble_evt_buffer                        0x20002148   Data           4  softdevice_handler.o(.data)
    m_ble_evt_handler                        0x2000214c   Data           4  softdevice_handler.o(.data)
    m_sys_evt_handler                        0x20002150   Data           4  softdevice_handler.o(.data)
    .data                                    0x20002154   Section        4  system_nrf51.o(.data)
    __tagsym$$used                           0x20002154   Number         0  system_nrf51.o(.data)
    .bss                                     0x20002158   Section       32  main.o(.bss)
    m_battery_timer_id_data                  0x20002158   Data          32  main.o(.bss)
    .bss                                     0x20002178   Section       32  main.o(.bss)
    m_heart_rate_timer_id_data               0x20002178   Data          32  main.o(.bss)
    .bss                                     0x20002198   Section       32  main.o(.bss)
    m_rr_interval_timer_id_data              0x20002198   Data          32  main.o(.bss)
    .bss                                     0x200021b8   Section       32  main.o(.bss)
    m_sensor_contact_timer_id_data           0x200021b8   Data          32  main.o(.bss)
    .bss                                     0x200021d8   Section       32  main.o(.bss)
    m_adc_sampling_timer_id_data             0x200021d8   Data          32  main.o(.bss)
    .bss                                     0x200021f8   Section      748  main.o(.bss)
    APP_TIMER_BUF                            0x200021f8   Data         456  main.o(.bss)
    BLE_EVT_BUFFER                           0x200023c0   Data          72  main.o(.bss)
    m_bas                                    0x20002408   Data          24  main.o(.bss)
    m_hrs                                    0x20002420   Data          80  main.o(.bss)
    m_battery_sim_cfg                        0x20002470   Data          16  main.o(.bss)
    m_heart_rate_sim_cfg                     0x20002480   Data          16  main.o(.bss)
    m_rr_interval_sim_cfg                    0x20002490   Data          16  main.o(.bss)
    advdata                                  0x200024a0   Data          56  main.o(.bss)
    adc_data                                 0x200024d8   Data          12  main.o(.bss)
    .bss                                     0x200024e4   Section       32  bsp.o(.bss)
    m_leds_timer_id_data                     0x200024e4   Data          32  bsp.o(.bss)
    .bss                                     0x20002504   Section       32  bsp.o(.bss)
    m_alert_timer_id_data                    0x20002504   Data          32  bsp.o(.bss)
    .bss                                     0x20002524   Section       12  bsp.o(.bss)
    m_events_list                            0x20002524   Data          12  bsp.o(.bss)
    .bss                                     0x20002530   Section       32  bsp.o(.bss)
    m_button_timer_id_data                   0x20002530   Data          32  bsp.o(.bss)
    .bss                                     0x20002550   Section      259  ble_advertising.o(.bss)
    m_advdata                                0x20002550   Data          56  ble_advertising.o(.bss)
    m_adv_modes_config                       0x20002588   Data          36  ble_advertising.o(.bss)
    m_whitelist                              0x200025ac   Data          16  ble_advertising.o(.bss)
    mp_whitelist_addr                        0x200025bc   Data          32  ble_advertising.o(.bss)
    mp_whitelist_irk                         0x200025dc   Data          32  ble_advertising.o(.bss)
    m_manuf_specific_data                    0x200025fc   Data          12  ble_advertising.o(.bss)
    m_manuf_data_array                       0x20002608   Data          31  ble_advertising.o(.bss)
    m_service_data                           0x20002628   Data          12  ble_advertising.o(.bss)
    m_service_data_array                     0x20002634   Data          31  ble_advertising.o(.bss)
    .bss                                     0x20002654   Section       32  ble_conn_params.o(.bss)
    m_conn_params_timer_id_data              0x20002654   Data          32  ble_conn_params.o(.bss)
    .bss                                     0x20002674   Section       28  ble_conn_params.o(.bss)
    m_conn_params_config                     0x20002674   Data          28  ble_conn_params.o(.bss)
    .bss                                     0x20002690   Section      335  device_manager_peripheral.o(.bss)
    m_app_context_table                      0x20002690   Data          28  device_manager_peripheral.o(.bss)
    m_peer_table                             0x200026ac   Data         196  device_manager_peripheral.o(.bss)
    m_bond_table                             0x20002770   Data          28  device_manager_peripheral.o(.bss)
    m_gatts_table                            0x2000278c   Data          36  device_manager_peripheral.o(.bss)
    m_connection_table                       0x200027b0   Data          12  device_manager_peripheral.o(.bss)
    m_application_table                      0x200027bc   Data          12  device_manager_peripheral.o(.bss)
    m_local_id_info                          0x200027c8   Data          23  device_manager_peripheral.o(.bss)
    .bss                                     0x200027e0   Section       72  nrf_drv_gpiote.o(.bss)
    m_cb                                     0x200027e0   Data          72  nrf_drv_gpiote.o(.bss)
    .bss                                     0x20002828   Section       24  nrf_drv_uart.o(.bss)
    m_cb                                     0x20002828   Data          24  nrf_drv_uart.o(.bss)
    .bss                                     0x20002840   Section      216  pstorage.o(.bss)
    m_cmd_queue                              0x20002840   Data         204  pstorage.o(.bss)
    m_app_table                              0x2000290c   Data          12  pstorage.o(.bss)
    .bss                                     0x20002918   Section       32  app_button.o(.bss)
    m_detection_delay_timer_id_data          0x20002918   Data          32  app_button.o(.bss)
    STACK                                    0x20002938   Section     2048  arm_startup_nrf51.o(STACK)

    Global Symbols

    Symbol Name                              Value     Ov Type        Size  Object(Section)

    BuildAttributes$$THM_ISAv3M$S$PE$A:L22$X:L11$S22$IEEE1$IW$USESV6$~STKCKD$USESV7$~SHL$OSPACE$EBA8$MICROLIB$REQ8$PRES8$EABIv2 0x00000000   Number         0  anon$$obj.o ABSOLUTE
    __ARM_use_no_argv                        0x00000000   Number         0  main.o ABSOLUTE
    __cpp_initialize__aeabi_                  - Undefined Weak Reference
    __cxa_finalize                            - Undefined Weak Reference
    _clock_init                               - Undefined Weak Reference
    _microlib_exit                            - Undefined Weak Reference
    __Vectors_Size                           0x000000c0   Number         0  arm_startup_nrf51.o ABSOLUTE
    __Vectors                                0x00018000   Data           4  arm_startup_nrf51.o(RESET)
    __Vectors_End                            0x000180c0   Data           0  arm_startup_nrf51.o(RESET)
    __main                                   0x000180c1   Thumb Code     0  entry.o(.ARM.Collect$$$$00000000)
    _main_stk                                0x000180c1   Thumb Code     0  entry2.o(.ARM.Collect$$$$00000001)
    _main_scatterload                        0x000180c5   Thumb Code     0  entry5.o(.ARM.Collect$$$$00000004)
    __main_after_scatterload                 0x000180c9   Thumb Code     0  entry5.o(.ARM.Collect$$$$00000004)
    _main_clock                              0x000180c9   Thumb Code     0  entry7b.o(.ARM.Collect$$$$00000008)
    _main_cpp_init                           0x000180c9   Thumb Code     0  entry8b.o(.ARM.Collect$$$$0000000A)
    _main_init                               0x000180c9   Thumb Code     0  entry9a.o(.ARM.Collect$$$$0000000B)
    __rt_final_cpp                           0x000180d1   Thumb Code     0  entry10a.o(.ARM.Collect$$$$0000000D)
    __rt_final_exit                          0x000180d1   Thumb Code     0  entry11a.o(.ARM.Collect$$$$0000000F)
    __asm___11_app_timer_c_cd27f9c3__nrf_delay_us 0x000180d5   Thumb Code    30  app_timer.o(.emb_text)
    Reset_Handler                            0x000180f5   Thumb Code    26  arm_startup_nrf51.o(.text)
    NMI_Handler                              0x0001810f   Thumb Code     2  arm_startup_nrf51.o(.text)
    HardFault_Handler                        0x00018111   Thumb Code     2  arm_startup_nrf51.o(.text)
    SVC_Handler                              0x00018113   Thumb Code     2  arm_startup_nrf51.o(.text)
    PendSV_Handler                           0x00018115   Thumb Code     2  arm_startup_nrf51.o(.text)
    SysTick_Handler                          0x00018117   Thumb Code     2  arm_startup_nrf51.o(.text)
    CCM_AAR_IRQHandler                       0x00018119   Thumb Code     0  arm_startup_nrf51.o(.text)
    ECB_IRQHandler                           0x00018119   Thumb Code     0  arm_startup_nrf51.o(.text)
    LPCOMP_IRQHandler                        0x00018119   Thumb Code     0  arm_startup_nrf51.o(.text)
    POWER_CLOCK_IRQHandler                   0x00018119   Thumb Code     0  arm_startup_nrf51.o(.text)
    QDEC_IRQHandler                          0x00018119   Thumb Code     0  arm_startup_nrf51.o(.text)
    RADIO_IRQHandler                         0x00018119   Thumb Code     0  arm_startup_nrf51.o(.text)
    RNG_IRQHandler                           0x00018119   Thumb Code     0  arm_startup_nrf51.o(.text)
    RTC0_IRQHandler                          0x00018119   Thumb Code     0  arm_startup_nrf51.o(.text)
    SPI0_TWI0_IRQHandler                     0x00018119   Thumb Code     0  arm_startup_nrf51.o(.text)
    SPI1_TWI1_IRQHandler                     0x00018119   Thumb Code     0  arm_startup_nrf51.o(.text)
    SWI1_IRQHandler                          0x00018119   Thumb Code     0  arm_startup_nrf51.o(.text)
    SWI3_IRQHandler                          0x00018119   Thumb Code     0  arm_startup_nrf51.o(.text)
    SWI4_IRQHandler                          0x00018119   Thumb Code     0  arm_startup_nrf51.o(.text)
    SWI5_IRQHandler                          0x00018119   Thumb Code     0  arm_startup_nrf51.o(.text)
    TEMP_IRQHandler                          0x00018119   Thumb Code     0  arm_startup_nrf51.o(.text)
    TIMER0_IRQHandler                        0x00018119   Thumb Code     0  arm_startup_nrf51.o(.text)
    TIMER1_IRQHandler                        0x00018119   Thumb Code     0  arm_startup_nrf51.o(.text)
    TIMER2_IRQHandler                        0x00018119   Thumb Code     0  arm_startup_nrf51.o(.text)
    WDT_IRQHandler                           0x00018119   Thumb Code     0  arm_startup_nrf51.o(.text)
    __aeabi_uidiv                            0x0001812d   Thumb Code     0  uidiv.o(.text)
    __aeabi_uidivmod                         0x0001812d   Thumb Code    44  uidiv.o(.text)
    __aeabi_idiv                             0x00018159   Thumb Code     0  idiv.o(.text)
    __aeabi_idivmod                          0x00018159   Thumb Code    40  idiv.o(.text)
    ___aeabi_memcpy8$move                    0x00018181   Thumb Code     0  memmovea.o(.text)
    __aeabi_memcpy                           0x00018181   Thumb Code    64  memmovea.o(.text)
    __aeabi_memcpy4                          0x00018181   Thumb Code     0  memmovea.o(.text)
    __aeabi_memmove                          0x00018181   Thumb Code     0  memmovea.o(.text)
    __aeabi_memmove4                         0x00018181   Thumb Code     0  memmovea.o(.text)
    __aeabi_memmove8                         0x00018181   Thumb Code     0  memmovea.o(.text)
    __aeabi_memset                           0x000181c1   Thumb Code    14  memseta.o(.text)
    __aeabi_memset4                          0x000181c1   Thumb Code     0  memseta.o(.text)
    __aeabi_memset8                          0x000181c1   Thumb Code     0  memseta.o(.text)
    __aeabi_memclr                           0x000181cf   Thumb Code     4  memseta.o(.text)
    __aeabi_memclr4                          0x000181cf   Thumb Code     0  memseta.o(.text)
    __aeabi_memclr8                          0x000181cf   Thumb Code     0  memseta.o(.text)
    _memset$wrapper                          0x000181d3   Thumb Code    18  memseta.o(.text)
    strlen                                   0x000181e5   Thumb Code    14  strlen.o(.text)
    memcmp                                   0x000181f3   Thumb Code    26  memcmp.o(.text)
    __scatterload                            0x0001820d   Thumb Code    28  init.o(.text)
    __scatterload_rt2                        0x0001820d   Thumb Code     0  init.o(.text)
    __decompress                             0x00018231   Thumb Code     0  __dczerorl.o(.text)
    __decompress0                            0x00018231   Thumb Code    58  __dczerorl.o(.text)
    ADC_IRQHandler                           0x0001826d   Thumb Code    32  main.o(i.ADC_IRQHandler)
    GPIOTE_IRQHandler                        0x00018299   Thumb Code   234  nrf_drv_gpiote.o(i.GPIOTE_IRQHandler)
    RTC1_IRQHandler                          0x000183e5   Thumb Code    28  app_timer.o(i.RTC1_IRQHandler)
    SWI0_IRQHandler                          0x00018405   Thumb Code     8  app_timer.o(i.SWI0_IRQHandler)
    SWI2_IRQHandler                          0x0001840d   Thumb Code    32  softdevice_handler.o(i.SWI2_IRQHandler)
    SystemInit                               0x00018431   Thumb Code   130  system_nrf51.o(i.SystemInit)
    UART0_IRQHandler                         0x000184d1   Thumb Code   244  nrf_drv_uart.o(i.UART0_IRQHandler)
    __ARM_common_switch8                     0x000185d5   Thumb Code    26  bsp.o(i.__ARM_common_switch8)
    __scatterload_copy                       0x000185ef   Thumb Code    14  handlers.o(i.__scatterload_copy)
    __scatterload_null                       0x000185fd   Thumb Code     2  handlers.o(i.__scatterload_null)
    __scatterload_zeroinit                   0x000185ff   Thumb Code    14  handlers.o(i.__scatterload_zeroinit)
    adv_data_encode                          0x0001862d   Thumb Code   534  ble_advdata.o(i.adv_data_encode)
    app_button_enable                        0x0001890d   Thumb Code    32  app_button.o(i.app_button_enable)
    app_button_init                          0x00018931   Thumb Code   100  app_button.o(i.app_button_init)
    app_error_handler                        0x000189a5   Thumb Code    18  app_error.o(i.app_error_handler)
    app_timer_create                         0x00018a19   Thumb Code    40  app_timer.o(i.app_timer_create)
    app_timer_init                           0x00018a45   Thumb Code   126  app_timer.o(i.app_timer_init)
    app_timer_start                          0x00018ad5   Thumb Code   114  app_timer.o(i.app_timer_start)
    app_timer_stop                           0x00018b51   Thumb Code    78  app_timer.o(i.app_timer_stop)
    ble_advdata_set                          0x00018e09   Thumb Code   104  ble_advdata.o(i.ble_advdata_set)
    ble_advertising_init                     0x00018e71   Thumb Code   284  ble_advertising.o(i.ble_advertising_init)
    ble_advertising_on_ble_evt               0x00018f95   Thumb Code   112  ble_advertising.o(i.ble_advertising_on_ble_evt)
    ble_advertising_on_sys_evt               0x00019009   Thumb Code    42  ble_advertising.o(i.ble_advertising_on_sys_evt)
    ble_advertising_restart_without_whitelist 0x00019049   Thumb Code    56  ble_advertising.o(i.ble_advertising_restart_without_whitelist)
    ble_advertising_start                    0x00019089   Thumb Code   470  ble_advertising.o(i.ble_advertising_start)
    ble_bas_battery_level_update             0x00019269   Thumb Code   112  ble_bas.o(i.ble_bas_battery_level_update)
    ble_bas_init                             0x000192dd   Thumb Code    66  ble_bas.o(i.ble_bas_init)
    ble_bas_on_ble_evt                       0x00019325   Thumb Code    94  ble_bas.o(i.ble_bas_on_ble_evt)
    ble_conn_params_init                     0x00019385   Thumb Code    68  ble_conn_params.o(i.ble_conn_params_init)
    ble_conn_params_on_ble_evt               0x000193d9   Thumb Code   132  ble_conn_params.o(i.ble_conn_params_on_ble_evt)
    ble_dis_init                             0x000194c9   Thumb Code   308  ble_dis.o(i.ble_dis_init)
    ble_hrs_heart_rate_measurement_send      0x00019669   Thumb Code    82  ble_hrs.o(i.ble_hrs_heart_rate_measurement_send)
    ble_hrs_init                             0x000196c1   Thumb Code    86  ble_hrs.o(i.ble_hrs_init)
    ble_hrs_on_ble_evt                       0x0001971d   Thumb Code    80  ble_hrs.o(i.ble_hrs_on_ble_evt)
    ble_hrs_rr_interval_add                  0x0001976d   Thumb Code    46  ble_hrs.o(i.ble_hrs_rr_interval_add)
    ble_hrs_sensor_contact_detected_update   0x0001979b   Thumb Code     6  ble_hrs.o(i.ble_hrs_sensor_contact_detected_update)
    ble_srv_ascii_to_utf8                    0x000197a1   Thumb Code    18  ble_srv_common.o(i.ble_srv_ascii_to_utf8)
    ble_srv_report_ref_encode                0x000197b3   Thumb Code    12  ble_srv_common.o(i.ble_srv_report_ref_encode)
    bond_data_load                           0x000198b1   Thumb Code    58  device_manager_peripheral.o(i.bond_data_load)
    bsp_btn_ble_init                         0x000198f9   Thumb Code    80  bsp_btn_ble.o(i.bsp_btn_ble_init)
    bsp_btn_ble_on_ble_evt                   0x0001994d   Thumb Code   114  bsp_btn_ble.o(i.bsp_btn_ble_on_ble_evt)
    bsp_btn_ble_sleep_mode_prepare           0x000199c5   Thumb Code    20  bsp_btn_ble.o(i.bsp_btn_ble_sleep_mode_prepare)
    bsp_button_is_pressed                    0x00019a79   Thumb Code    34  bsp.o(i.bsp_button_is_pressed)
    bsp_event_handler                        0x00019aa5   Thumb Code    54  main.o(i.bsp_event_handler)
    bsp_event_to_button_action_assign        0x00019ae1   Thumb Code    66  bsp.o(i.bsp_event_to_button_action_assign)
    bsp_indication_set                       0x00019b29   Thumb Code    22  bsp.o(i.bsp_indication_set)
    bsp_init                                 0x00019b45   Thumb Code   134  bsp.o(i.bsp_init)
    bsp_wakeup_buttons_set                   0x00019ddd   Thumb Code    50  bsp.o(i.bsp_wakeup_buttons_set)
    dm_ble_evt_handler                       0x0001a619   Thumb Code   962  device_manager_peripheral.o(i.dm_ble_evt_handler)
    dm_handle_initialize                     0x0001a9f1   Thumb Code    22  device_manager_peripheral.o(i.dm_handle_initialize)
    dm_init                                  0x0001aa0d   Thumb Code   174  device_manager_peripheral.o(i.dm_init)
    dm_register                              0x0001ac5d   Thumb Code   104  device_manager_peripheral.o(i.dm_register)
    intern_softdevice_events_execute         0x0001b241   Thumb Code   124  softdevice_handler.o(i.intern_softdevice_events_execute)
    main                                     0x0001b571   Thumb Code   248  main.o(i.main)
    nrf_drv_common_irq_enable                0x0001b7b9   Thumb Code    78  nrf_drv_common.o(i.nrf_drv_common_irq_enable)
    nrf_drv_gpiote_in_event_enable           0x0001b819   Thumb Code   138  nrf_drv_gpiote.o(i.nrf_drv_gpiote_in_event_enable)
    nrf_drv_gpiote_in_init                   0x0001b8b9   Thumb Code   146  nrf_drv_gpiote.o(i.nrf_drv_gpiote_in_init)
    nrf_drv_gpiote_in_is_set                 0x0001b95d   Thumb Code    16  nrf_drv_gpiote.o(i.nrf_drv_gpiote_in_is_set)
    nrf_drv_gpiote_init                      0x0001b971   Thumb Code    76  nrf_drv_gpiote.o(i.nrf_drv_gpiote_init)
    nrf_drv_gpiote_is_init                   0x0001b9c5   Thumb Code    12  nrf_drv_gpiote.o(i.nrf_drv_gpiote_is_init)
    pstorage_access_status_get               0x0001bbad   Thumb Code    30  pstorage.o(i.pstorage_access_status_get)
    pstorage_block_identifier_get            0x0001bbd5   Thumb Code    74  pstorage.o(i.pstorage_block_identifier_get)
    pstorage_clear                           0x0001bc29   Thumb Code   156  pstorage.o(i.pstorage_clear)
    pstorage_init                            0x0001bcfd   Thumb Code    68  pstorage.o(i.pstorage_init)
    pstorage_load                            0x0001bd49   Thumb Code   158  pstorage.o(i.pstorage_load)
    pstorage_register                        0x0001bdf1   Thumb Code   180  pstorage.o(i.pstorage_register)
    pstorage_store                           0x0001bead   Thumb Code   134  pstorage.o(i.pstorage_store)
    pstorage_sys_event_handler               0x0001bf3d   Thumb Code    72  pstorage.o(i.pstorage_sys_event_handler)
    pstorage_update                          0x0001bf89   Thumb Code   134  pstorage.o(i.pstorage_update)
    sensorsim_decrement                      0x0001c149   Thumb Code    28  sensorsim.o(i.sensorsim_decrement)
    sensorsim_increment                      0x0001c165   Thumb Code    28  sensorsim.o(i.sensorsim_increment)
    sensorsim_init                           0x0001c181   Thumb Code    24  sensorsim.o(i.sensorsim_init)
    sensorsim_measure                        0x0001c199   Thumb Code    26  sensorsim.o(i.sensorsim_measure)
    softdevice_assertion_handler             0x0001c3b9   Thumb Code    12  softdevice_handler.o(i.softdevice_assertion_handler)
    softdevice_ble_evt_handler_set           0x0001c3c5   Thumb Code    16  softdevice_handler.o(i.softdevice_ble_evt_handler_set)
    softdevice_handler_init                  0x0001c3d9   Thumb Code    40  softdevice_handler.o(i.softdevice_handler_init)
    softdevice_sys_evt_handler_set           0x0001c409   Thumb Code    16  softdevice_handler.o(i.softdevice_sys_evt_handler_set)
    m_context_init_len                       0x0001cb28   Data           4  device_manager_peripheral.o(.constdata)
    m_service_context_store                  0x0001cb2c   Data          16  device_manager_peripheral.o(.constdata)
    m_service_context_load                   0x0001cb3c   Data          16  device_manager_peripheral.o(.constdata)
    m_service_context_apply                  0x0001cb4c   Data          16  device_manager_peripheral.o(.constdata)
    Region$$Table$$Base                      0x0001cb8c   Number         0  anon$$obj.o(Region$$Table)
    Region$$Table$$Limit                     0x0001cbac   Number         0  anon$$obj.o(Region$$Table)
    abc                                      0x20002003   Data           1  main.o(.data)
    SystemCoreClock                          0x20002154   Data           4  system_nrf51.o(.data)
    __initial_sp                             0x20003138   Data           0  arm_startup_nrf51.o(STACK)



==============================================================================

Memory Map of the image

  Image Entry point : 0x000180c1

  Load Region LR_IROM1 (Base: 0x00018000, Size: 0x00004d04, Max: 0x00028000, ABSOLUTE, COMPRESSED[0x00004bc8])

    Execution Region ER_IROM1 (Base: 0x00018000, Size: 0x00004bac, Max: 0x00028000, ABSOLUTE)

    Base Addr    Size         Type   Attr      Idx    E Section Name        Object

    0x00018000   0x000000c0   Data   RO         2350    RESET               arm_startup_nrf51.o
    0x000180c0   0x00000000   Code   RO         2392  * .ARM.Collect$$$$00000000  mc_p.l(entry.o)
    0x000180c0   0x00000004   Code   RO         2413    .ARM.Collect$$$$00000001  mc_p.l(entry2.o)
    0x000180c4   0x00000004   Code   RO         2416    .ARM.Collect$$$$00000004  mc_p.l(entry5.o)
    0x000180c8   0x00000000   Code   RO         2418    .ARM.Collect$$$$00000008  mc_p.l(entry7b.o)
    0x000180c8   0x00000000   Code   RO         2420    .ARM.Collect$$$$0000000A  mc_p.l(entry8b.o)
    0x000180c8   0x00000008   Code   RO         2421    .ARM.Collect$$$$0000000B  mc_p.l(entry9a.o)
    0x000180d0   0x00000000   Code   RO         2423    .ARM.Collect$$$$0000000D  mc_p.l(entry10a.o)
    0x000180d0   0x00000000   Code   RO         2425    .ARM.Collect$$$$0000000F  mc_p.l(entry11a.o)
    0x000180d0   0x00000004   Code   RO         2414    .ARM.Collect$$$$00002712  mc_p.l(entry2.o)
    0x000180d4   0x0000001e   Code   RO         2058    .emb_text           app_timer.o
    0x000180f2   0x00000002   PAD
    0x000180f4   0x00000038   Code   RO         2351    .text               arm_startup_nrf51.o
    0x0001812c   0x0000002c   Code   RO         2395    .text               mc_p.l(uidiv.o)
    0x00018158   0x00000028   Code   RO         2397    .text               mc_p.l(idiv.o)
    0x00018180   0x00000040   Code   RO         2401    .text               mc_p.l(memmovea.o)
    0x000181c0   0x00000024   Code   RO         2403    .text               mc_p.l(memseta.o)
    0x000181e4   0x0000000e   Code   RO         2405    .text               mc_p.l(strlen.o)
    0x000181f2   0x0000001a   Code   RO         2407    .text               mc_p.l(memcmp.o)
    0x0001820c   0x00000024   Code   RO         2427    .text               mc_p.l(init.o)
    0x00018230   0x0000003a   Code   RO         2437    .text               mc_p.l(__dczerorl.o)
    0x0001826a   0x00000002   PAD
    0x0001826c   0x0000002c   Code   RO            4    i.ADC_IRQHandler    main.o
    0x00018298   0x00000108   Code   RO         1310    i.GPIOTE_IRQHandler  nrf_drv_gpiote.o
    0x000183a0   0x00000044   Code   RO         2059    i.NVIC_SetPriority  app_timer.o
    0x000183e4   0x00000020   Code   RO         2060    i.RTC1_IRQHandler   app_timer.o
    0x00018404   0x00000008   Code   RO         2061    i.SWI0_IRQHandler   app_timer.o
    0x0001840c   0x00000024   Code   RO         2286    i.SWI2_IRQHandler   softdevice_handler.o
    0x00018430   0x000000a0   Code   RO         2358    i.SystemInit        system_nrf51.o
    0x000184d0   0x00000104   Code   RO         1500    i.UART0_IRQHandler  nrf_drv_uart.o
    0x000185d4   0x0000001a   Code   RO          464    i.__ARM_common_switch8  bsp.o
    0x000185ee   0x0000000e   Code   RO         2431    i.__scatterload_copy  mc_p.l(handlers.o)
    0x000185fc   0x00000002   Code   RO         2432    i.__scatterload_null  mc_p.l(handlers.o)
    0x000185fe   0x0000000e   Code   RO         2433    i.__scatterload_zeroinit  mc_p.l(handlers.o)
    0x0001860c   0x00000020   Code   RO            6    i.adc_sampling_timeout_handler  main.o
    0x0001862c   0x00000216   Code   RO          525    i.adv_data_encode   ble_advdata.o
    0x00018842   0x0000003c   Code   RO          488    i.advertising_buttons_configure  bsp_btn_ble.o
    0x0001887e   0x00000002   PAD
    0x00018880   0x00000074   Code   RO            7    i.advertising_init  main.o
    0x000188f4   0x00000018   Code   RO          370    i.alert_timer_handler  bsp.o
    0x0001890c   0x00000024   Code   RO         1923    i.app_button_enable  app_button.o
    0x00018930   0x00000074   Code   RO         1924    i.app_button_init   app_button.o
    0x000189a4   0x0000001c   Code   RO         1983    i.app_error_handler  app_error.o
    0x000189c0   0x0000000c   Code   RO          907    i.app_evt_notify    device_manager_peripheral.o
    0x000189cc   0x0000002c   Code   RO         1647    i.app_notify        pstorage.o
    0x000189f8   0x00000020   Code   RO         1648    i.app_notify_error_state_transit  pstorage.o
    0x00018a18   0x0000002c   Code   RO         2064    i.app_timer_create  app_timer.o
    0x00018a44   0x00000090   Code   RO         2065    i.app_timer_init    app_timer.o
    0x00018ad4   0x0000007c   Code   RO         2066    i.app_timer_start   app_timer.o
    0x00018b50   0x00000054   Code   RO         2067    i.app_timer_stop    app_timer.o
    0x00018ba4   0x0000007c   Code   RO            8    i.application_timers_start  main.o
    0x00018c20   0x00000138   Code   RO          671    i.battery_level_char_add  ble_bas.o
    0x00018d58   0x000000b0   Code   RO           10    i.battery_level_meas_timeout_handler  main.o
    0x00018e08   0x00000068   Code   RO          526    i.ble_advdata_set   ble_advdata.o
    0x00018e70   0x00000124   Code   RO          599    i.ble_advertising_init  ble_advertising.o
    0x00018f94   0x00000074   Code   RO          600    i.ble_advertising_on_ble_evt  ble_advertising.o
    0x00019008   0x00000030   Code   RO          601    i.ble_advertising_on_sys_evt  ble_advertising.o
    0x00019038   0x00000010   Code   RO          603    i.ble_advertising_peer_address_clear  ble_advertising.o
    0x00019048   0x00000040   Code   RO          604    i.ble_advertising_restart_without_whitelist  ble_advertising.o
    0x00019088   0x000001e0   Code   RO          605    i.ble_advertising_start  ble_advertising.o
    0x00019268   0x00000074   Code   RO          672    i.ble_bas_battery_level_update  ble_bas.o
    0x000192dc   0x00000048   Code   RO          673    i.ble_bas_init      ble_bas.o
    0x00019324   0x0000005e   Code   RO          674    i.ble_bas_on_ble_evt  ble_bas.o
    0x00019382   0x00000002   PAD
    0x00019384   0x00000054   Code   RO          707    i.ble_conn_params_init  ble_conn_params.o
    0x000193d8   0x00000090   Code   RO          708    i.ble_conn_params_on_ble_evt  ble_conn_params.o
    0x00019468   0x0000005e   Code   RO          527    i.ble_device_addr_encode  ble_advdata.o
    0x000194c6   0x00000002   PAD
    0x000194c8   0x00000140   Code   RO          766    i.ble_dis_init      ble_dis.o
    0x00019608   0x00000060   Code   RO           11    i.ble_evt_dispatch  main.o
    0x00019668   0x00000058   Code   RO          799    i.ble_hrs_heart_rate_measurement_send  ble_hrs.o
    0x000196c0   0x0000005c   Code   RO          800    i.ble_hrs_init      ble_hrs.o
    0x0001971c   0x00000050   Code   RO          801    i.ble_hrs_on_ble_evt  ble_hrs.o
    0x0001976c   0x0000002e   Code   RO          802    i.ble_hrs_rr_interval_add  ble_hrs.o
    0x0001979a   0x00000006   Code   RO          804    i.ble_hrs_sensor_contact_detected_update  ble_hrs.o
    0x000197a0   0x00000012   Code   RO          870    i.ble_srv_ascii_to_utf8  ble_srv_common.o
    0x000197b2   0x0000000c   Code   RO          871    i.ble_srv_report_ref_encode  ble_srv_common.o
    0x000197be   0x00000002   PAD
    0x000197c0   0x00000068   Code   RO           12    i.ble_stack_init    main.o
    0x00019828   0x00000088   Code   RO          806    i.body_sensor_location_char_add  ble_hrs.o
    0x000198b0   0x00000048   Code   RO          908    i.bond_data_load    device_manager_peripheral.o
    0x000198f8   0x00000054   Code   RO          489    i.bsp_btn_ble_init  bsp_btn_ble.o
    0x0001994c   0x00000078   Code   RO          490    i.bsp_btn_ble_on_ble_evt  bsp_btn_ble.o
    0x000199c4   0x00000014   Code   RO          491    i.bsp_btn_ble_sleep_mode_prepare  bsp_btn_ble.o
    0x000199d8   0x000000a0   Code   RO          371    i.bsp_button_event_handler  bsp.o
    0x00019a78   0x0000002c   Code   RO          372    i.bsp_button_is_pressed  bsp.o
    0x00019aa4   0x0000003c   Code   RO           13    i.bsp_event_handler  main.o
    0x00019ae0   0x00000048   Code   RO          376    i.bsp_event_to_button_action_assign  bsp.o
    0x00019b28   0x0000001c   Code   RO          377    i.bsp_indication_set  bsp.o
    0x00019b44   0x000000a0   Code   RO          379    i.bsp_init          bsp.o
    0x00019be4   0x000001f8   Code   RO          380    i.bsp_led_indication  bsp.o
    0x00019ddc   0x0000003c   Code   RO          381    i.bsp_wakeup_buttons_set  bsp.o
    0x00019e18   0x0000000c   Code   RO          382    i.button_timer_handler  bsp.o
    0x00019e24   0x0000001c   Code   RO         1311    i.channel_free      nrf_drv_gpiote.o
    0x00019e40   0x00000048   Code   RO         1312    i.channel_port_alloc  nrf_drv_gpiote.o
    0x00019e88   0x00000010   Code   RO         1313    i.channel_port_get  nrf_drv_gpiote.o
    0x00019e98   0x000000a0   Code   RO          767    i.char_add          ble_dis.o
    0x00019f38   0x00000104   Code   RO         1649    i.clear_operation_execute  pstorage.o
    0x0001a03c   0x00000024   Code   RO         1650    i.clear_post_processing_run  pstorage.o
    0x0001a060   0x00000038   Code   RO         1651    i.cmd_process       pstorage.o
    0x0001a098   0x00000020   Code   RO         1652    i.cmd_queue_element_init  pstorage.o
    0x0001a0b8   0x0000004c   Code   RO         1653    i.cmd_queue_enqueue  pstorage.o
    0x0001a104   0x0000003c   Code   RO         1654    i.command_end_procedure_run  pstorage.o
    0x0001a140   0x000000a8   Code   RO         2069    i.compare_reg_update  app_timer.o
    0x0001a1e8   0x00000088   Code   RO          528    i.conn_int_encode   ble_advdata.o
    0x0001a270   0x0000000c   Code   RO           14    i.conn_params_error_handler  main.o
    0x0001a27c   0x00000068   Code   RO          710    i.conn_params_negotiation  ble_conn_params.o
    0x0001a2e4   0x00000030   Code   RO          909    i.connection_instance_find  device_manager_peripheral.o
    0x0001a314   0x00000024   Code   RO          910    i.connection_instance_init  device_manager_peripheral.o
    0x0001a338   0x00000054   Code   RO         1655    i.data_page_erase_state_run  pstorage.o
    0x0001a38c   0x00000028   Code   RO         1656    i.data_to_swap_write_state_run  pstorage.o
    0x0001a3b4   0x00000060   Code   RO         1926    i.detection_delay_timeout_handler  app_button.o
    0x0001a414   0x000000b4   Code   RO          911    i.device_context_store  device_manager_peripheral.o
    0x0001a4c8   0x00000054   Code   RO          912    i.device_instance_allocate  device_manager_peripheral.o
    0x0001a51c   0x00000048   Code   RO          913    i.device_instance_find  device_manager_peripheral.o
    0x0001a564   0x0000002c   Code   RO          914    i.device_instance_free  device_manager_peripheral.o
    0x0001a590   0x00000012   Code   RO           15    i.device_manager_evt_handler  main.o
    0x0001a5a2   0x00000002   PAD
    0x0001a5a4   0x00000074   Code   RO           16    i.device_manager_init  main.o
    0x0001a618   0x000003d8   Code   RO          919    i.dm_ble_evt_handler  device_manager_peripheral.o
    0x0001a9f0   0x0000001c   Code   RO          925    i.dm_handle_initialize  device_manager_peripheral.o
    0x0001aa0c   0x000000c4   Code   RO          926    i.dm_init           device_manager_peripheral.o
    0x0001aad0   0x0000018c   Code   RO          929    i.dm_pstorage_cb_handler  device_manager_peripheral.o
    0x0001ac5c   0x00000074   Code   RO          930    i.dm_register       device_manager_peripheral.o
    0x0001acd0   0x00000040   Code   RO         2070    i.elapsed_ticks_acquire  app_timer.o
    0x0001ad10   0x00000020   Code   RO         1657    i.flash_api_err_code_process  pstorage.o
    0x0001ad30   0x00000080   Code   RO         1658    i.flash_operation_success_run  pstorage.o
    0x0001adb0   0x0000000a   Code   RO         1659    i.flash_page_erase  pstorage.o
    0x0001adba   0x0000000a   Code   RO         1660    i.flash_write       pstorage.o
    0x0001adc4   0x0000006c   Code   RO           17    i.gap_params_init   main.o
    0x0001ae30   0x00000004   Code   RO          937    i.gattc_context_apply  device_manager_peripheral.o
    0x0001ae34   0x00000004   Code   RO          938    i.gattc_context_load  device_manager_peripheral.o
    0x0001ae38   0x00000004   Code   RO          939    i.gattc_context_store  device_manager_peripheral.o
    0x0001ae3c   0x000000b0   Code   RO          940    i.gatts_context_apply  device_manager_peripheral.o
    0x0001aeec   0x00000030   Code   RO          941    i.gatts_context_load  device_manager_peripheral.o
    0x0001af1c   0x000000ac   Code   RO          942    i.gatts_context_store  device_manager_peripheral.o
    0x0001afc8   0x00000008   Code   RO          943    i.gattsc_context_apply  device_manager_peripheral.o
    0x0001afd0   0x00000008   Code   RO          944    i.gattsc_context_load  device_manager_peripheral.o
    0x0001afd8   0x00000008   Code   RO          945    i.gattsc_context_store  device_manager_peripheral.o
    0x0001afe0   0x00000050   Code   RO         1927    i.gpiote_event_handler  app_button.o
    0x0001b030   0x00000078   Code   RO         1661    i.head_restore_state_run  pstorage.o
    0x0001b0a8   0x00000060   Code   RO           18    i.heart_rate_meas_timeout_handler  main.o
    0x0001b108   0x000000b0   Code   RO          807    i.heart_rate_measurement_char_add  ble_hrs.o
    0x0001b1b8   0x00000088   Code   RO          808    i.hrm_encode        ble_hrs.o
    0x0001b240   0x00000080   Code   RO         2287    i.intern_softdevice_events_execute  softdevice_handler.o
    0x0001b2c0   0x0000001c   Code   RO          711    i.is_conn_params_ok  ble_conn_params.o
    0x0001b2dc   0x00000048   Code   RO         2359    i.is_manual_peripheral_setup_needed  system_nrf51.o
    0x0001b324   0x00000044   Code   RO         1662    i.is_page_erase_required  pstorage.o
    0x0001b368   0x0000000c   Code   RO         1663    i.is_word_aligned   pstorage.o
    0x0001b374   0x00000054   Code   RO          529    i.le_role_encode    ble_advdata.o
    0x0001b3c8   0x00000018   Code   RO          383    i.leds_timer_handler  bsp.o
    0x0001b3e0   0x000000bc   Code   RO         2071    i.list_deletions_handler  app_timer.o
    0x0001b49c   0x000000d4   Code   RO         2072    i.list_insertions_handler  app_timer.o
    0x0001b570   0x0000011c   Code   RO           19    i.main              main.o
    0x0001b68c   0x00000018   Code   RO         1664    i.main_state_err_busy_process  pstorage.o
    0x0001b6a4   0x00000068   Code   RO          530    i.manuf_specific_data_encode  ble_advdata.o
    0x0001b70c   0x0000009e   Code   RO          531    i.name_encode       ble_advdata.o
    0x0001b7aa   0x00000004   Code   RO          946    i.no_service_context_apply  device_manager_peripheral.o
    0x0001b7ae   0x00000004   Code   RO          947    i.no_service_context_load  device_manager_peripheral.o
    0x0001b7b2   0x00000004   Code   RO          948    i.no_service_context_store  device_manager_peripheral.o
    0x0001b7b6   0x00000002   PAD
    0x0001b7b8   0x00000060   Code   RO         1284    i.nrf_drv_common_irq_enable  nrf_drv_common.o
    0x0001b818   0x000000a0   Code   RO         1316    i.nrf_drv_gpiote_in_event_enable  nrf_drv_gpiote.o
    0x0001b8b8   0x000000a4   Code   RO         1317    i.nrf_drv_gpiote_in_init  nrf_drv_gpiote.o
    0x0001b95c   0x00000014   Code   RO         1318    i.nrf_drv_gpiote_in_is_set  nrf_drv_gpiote.o
    0x0001b970   0x00000054   Code   RO         1320    i.nrf_drv_gpiote_init  nrf_drv_gpiote.o
    0x0001b9c4   0x00000010   Code   RO         1321    i.nrf_drv_gpiote_is_init  nrf_drv_gpiote.o
    0x0001b9d4   0x00000024   Code   RO           20    i.nrf_gpio_cfg      main.o
    0x0001b9f8   0x00000024   Code   RO         1333    i.nrf_gpio_cfg      nrf_drv_gpiote.o
    0x0001ba1c   0x00000014   Code   RO           21    i.nrf_gpio_cfg_output  main.o
    0x0001ba30   0x00000020   Code   RO         1335    i.nrf_gpio_cfg_sense_set  nrf_drv_gpiote.o
    0x0001ba50   0x0000001c   Code   RO           22    i.nrf_gpio_pin_toggle  main.o
    0x0001ba6c   0x00000014   Code   RO         1336    i.nrf_gpiote_event_is_set  nrf_drv_gpiote.o
    0x0001ba80   0x0000000a   Code   RO         1514    i.nrf_uart_event_check  nrf_drv_uart.o
    0x0001ba8a   0x00000010   Code   RO         1515    i.nrf_uart_int_enable_check  nrf_drv_uart.o
    0x0001ba9a   0x00000024   Code   RO           23    i.on_adv_evt        main.o
    0x0001babe   0x00000002   PAD
    0x0001bac0   0x00000024   Code   RO           24    i.on_conn_params_evt  main.o
    0x0001bae4   0x00000016   Code   RO          607    i.peer_address_exists  ble_advertising.o
    0x0001bafa   0x00000002   PAD
    0x0001bafc   0x00000040   Code   RO          949    i.peer_instance_init  device_manager_peripheral.o
    0x0001bb3c   0x00000018   Code   RO         1337    i.pin_in_use_by_port  nrf_drv_gpiote.o
    0x0001bb54   0x00000018   Code   RO         1338    i.pin_in_use_by_te  nrf_drv_gpiote.o
    0x0001bb6c   0x0000003e   Code   RO          768    i.pnp_id_encode     ble_dis.o
    0x0001bbaa   0x00000002   PAD
    0x0001bbac   0x00000028   Code   RO         1665    i.pstorage_access_status_get  pstorage.o
    0x0001bbd4   0x00000054   Code   RO         1666    i.pstorage_block_identifier_get  pstorage.o
    0x0001bc28   0x000000a4   Code   RO         1667    i.pstorage_clear    pstorage.o
    0x0001bccc   0x00000024   Code   RO         1668    i.pstorage_flash_page_end  pstorage.o
    0x0001bcf0   0x0000000a   Code   RO         1669    i.pstorage_flash_page_size  pstorage.o
    0x0001bcfa   0x00000002   PAD
    0x0001bcfc   0x0000004c   Code   RO         1670    i.pstorage_init     pstorage.o
    0x0001bd48   0x000000a8   Code   RO         1671    i.pstorage_load     pstorage.o
    0x0001bdf0   0x000000bc   Code   RO         1672    i.pstorage_register  pstorage.o
    0x0001beac   0x00000090   Code   RO         1673    i.pstorage_store    pstorage.o
    0x0001bf3c   0x0000004c   Code   RO         1674    i.pstorage_sys_event_handler  pstorage.o
    0x0001bf88   0x00000090   Code   RO         1675    i.pstorage_update   pstorage.o
    0x0001c018   0x00000028   Code   RO           25    i.rr_interval_timeout_handler  main.o
    0x0001c040   0x00000044   Code   RO         2073    i.rtc1_stop         app_timer.o
    0x0001c084   0x0000002c   Code   RO         1516    i.rx_byte           nrf_drv_uart.o
    0x0001c0b0   0x00000020   Code   RO         1517    i.rx_done_event     nrf_drv_uart.o
    0x0001c0d0   0x0000001c   Code   RO           26    i.sensor_contact_detected_timeout_handler  main.o
    0x0001c0ec   0x0000005c   Code   RO           27    i.sensor_simulator_init  main.o
    0x0001c148   0x0000001c   Code   RO         2255    i.sensorsim_decrement  sensorsim.o
    0x0001c164   0x0000001c   Code   RO         2256    i.sensorsim_increment  sensorsim.o
    0x0001c180   0x00000018   Code   RO         2257    i.sensorsim_init    sensorsim.o
    0x0001c198   0x0000001a   Code   RO         2258    i.sensorsim_measure  sensorsim.o
    0x0001c1b2   0x0000008e   Code   RO          532    i.service_data_encode  ble_advdata.o
    0x0001c240   0x000000fc   Code   RO           28    i.services_init     main.o
    0x0001c33c   0x00000034   Code   RO           29    i.sleep_mode_enter  main.o
    0x0001c370   0x00000048   Code   RO         1676    i.sm_state_change   pstorage.o
    0x0001c3b8   0x0000000c   Code   RO         2288    i.softdevice_assertion_handler  softdevice_handler.o
    0x0001c3c4   0x00000014   Code   RO         2289    i.softdevice_ble_evt_handler_set  softdevice_handler.o
    0x0001c3d8   0x00000030   Code   RO         2290    i.softdevice_handler_init  softdevice_handler.o
    0x0001c408   0x00000014   Code   RO         2293    i.softdevice_sys_evt_handler_set  softdevice_handler.o
    0x0001c41c   0x00000064   Code   RO         1677    i.state_data_erase_swap_entry_run  pstorage.o
    0x0001c480   0x00000010   Code   RO         1678    i.state_erase_data_page_entry_run  pstorage.o
    0x0001c490   0x00000028   Code   RO         1679    i.state_restore_head_entry_run  pstorage.o
    0x0001c4b8   0x0000004c   Code   RO         1680    i.state_restore_tail_entry_run  pstorage.o
    0x0001c504   0x00000020   Code   RO         1681    i.state_swap_erase_entry_run  pstorage.o
    0x0001c524   0x00000030   Code   RO         1682    i.state_write_data_swap_entry_run  pstorage.o
    0x0001c554   0x00000004   Code   RO          950    i.storage_operation_dummy_handler  device_manager_peripheral.o
    0x0001c558   0x0000005c   Code   RO         1683    i.store_cmd_flash_write_execute  pstorage.o
    0x0001c5b4   0x0000001c   Code   RO         1684    i.swap_erase_state_run  pstorage.o
    0x0001c5d0   0x00000018   Code   RO         1685    i.swap_sub_state_err_busy_process  pstorage.o
    0x0001c5e8   0x00000014   Code   RO         1686    i.swap_sub_state_state_change  pstorage.o
    0x0001c5fc   0x00000010   Code   RO           30    i.sys_evt_dispatch  main.o
    0x0001c60c   0x00000056   Code   RO          769    i.sys_id_encode     ble_dis.o
    0x0001c662   0x00000002   PAD
    0x0001c664   0x0000001c   Code   RO         1687    i.tail_restore_state_run  pstorage.o
    0x0001c680   0x00000084   Code   RO         2074    i.timer_list_handler  app_timer.o
    0x0001c704   0x00000010   Code   RO         2075    i.timer_list_handler_sched  app_timer.o
    0x0001c714   0x00000040   Code   RO         2076    i.timer_list_insert  app_timer.o
    0x0001c754   0x00000084   Code   RO         2077    i.timer_timeouts_check  app_timer.o
    0x0001c7d8   0x000000a4   Code   RO           31    i.timers_init       main.o
    0x0001c87c   0x0000002c   Code   RO         1519    i.tx_byte           nrf_drv_uart.o
    0x0001c8a8   0x00000020   Code   RO         1520    i.tx_done_event     nrf_drv_uart.o
    0x0001c8c8   0x0000000a   Code   RO          533    i.uint16_encode     ble_advdata.o
    0x0001c8d2   0x00000002   PAD
    0x0001c8d4   0x00000014   Code   RO          951    i.update_status_bit_reset  device_manager_peripheral.o
    0x0001c8e8   0x00000064   Code   RO          712    i.update_timeout_handler  ble_conn_params.o
    0x0001c94c   0x00000054   Code   RO         2078    i.user_id_get       app_timer.o
    0x0001c9a0   0x00000026   Code   RO         2079    i.user_op_alloc     app_timer.o
    0x0001c9c6   0x00000030   Code   RO          534    i.uuid_list_encode  ble_advdata.o
    0x0001c9f6   0x000000ae   Code   RO          535    i.uuid_list_sized_encode  ble_advdata.o
    0x0001caa4   0x00000010   Code   RO          608    i.whitelist_has_entries  ble_advertising.o
    0x0001cab4   0x00000034   Data   RO           38    .constdata          main.o
    0x0001cae8   0x0000003c   Data   RO          388    .constdata          bsp.o
    0x0001cb24   0x00000004   Data   RO          715    .constdata          ble_conn_params.o
    0x0001cb28   0x00000034   Data   RO          953    .constdata          device_manager_peripheral.o
    0x0001cb5c   0x00000028   Data   RO         1689    .constdata          pstorage.o
    0x0001cb84   0x00000008   Data   RO         1929    .constdata          app_button.o
    0x0001cb8c   0x00000020   Data   RO         2429    Region$$Table       anon$$obj.o


    Execution Region RW_IRAM1 (Base: 0x20002000, Size: 0x00001138, Max: 0x00006000, ABSOLUTE, COMPRESSED[0x0000001c])

    Base Addr    Size         Type   Attr      Idx    E Section Name        Object

    0x20002000   0x00000030   Data   RW           39    .data               main.o
    0x20002030   0x00000018   Data   RW          389    .data               bsp.o
    0x20002048   0x00000008   Data   RW          492    .data               bsp_btn_ble.o
    0x20002050   0x0000001f   Data   RW          610    .data               ble_advertising.o
    0x2000206f   0x00000001   PAD
    0x20002070   0x00000014   Data   RW          716    .data               ble_conn_params.o
    0x20002084   0x0000004a   Data   RW          770    .data               ble_dis.o
    0x200020ce   0x00000002   PAD
    0x200020d0   0x00000018   Data   RW          954    .data               device_manager_peripheral.o
    0x200020e8   0x00000024   Data   RW         1690    .data               pstorage.o
    0x2000210c   0x00000014   Data   RW         1930    .data               app_button.o
    0x20002120   0x00000020   Data   RW         2080    .data               app_timer.o
    0x20002140   0x00000014   Data   RW         2294    .data               softdevice_handler.o
    0x20002154   0x00000004   Data   RW         2360    .data               system_nrf51.o
    0x20002158   0x00000020   Zero   RW           32    .bss                main.o
    0x20002178   0x00000020   Zero   RW           33    .bss                main.o
    0x20002198   0x00000020   Zero   RW           34    .bss                main.o
    0x200021b8   0x00000020   Zero   RW           35    .bss                main.o
    0x200021d8   0x00000020   Zero   RW           36    .bss                main.o
    0x200021f8   0x000002ec   Zero   RW           37    .bss                main.o
    0x200024e4   0x00000020   Zero   RW          384    .bss                bsp.o
    0x20002504   0x00000020   Zero   RW          385    .bss                bsp.o
    0x20002524   0x0000000c   Zero   RW          386    .bss                bsp.o
    0x20002530   0x00000020   Zero   RW          387    .bss                bsp.o
    0x20002550   0x00000103   Zero   RW          609    .bss                ble_advertising.o
    0x20002653   0x00000001   PAD
    0x20002654   0x00000020   Zero   RW          713    .bss                ble_conn_params.o
    0x20002674   0x0000001c   Zero   RW          714    .bss                ble_conn_params.o
    0x20002690   0x0000014f   Zero   RW          952    .bss                device_manager_peripheral.o
    0x200027df   0x00000001   PAD
    0x200027e0   0x00000048   Zero   RW         1339    .bss                nrf_drv_gpiote.o
    0x20002828   0x00000018   Zero   RW         1521    .bss                nrf_drv_uart.o
    0x20002840   0x000000d8   Zero   RW         1688    .bss                pstorage.o
    0x20002918   0x00000020   Zero   RW         1928    .bss                app_button.o
    0x20002938   0x00000800   Zero   RW         2348    STACK               arm_startup_nrf51.o


==============================================================================

Image component sizes


      Code (inc. data)   RO Data    RW Data    ZI Data      Debug   Object Name

       328         34          8         20         32       8830   app_button.o
        28         10          0          0          0       7636   app_error.o
      1700        152          0         32          0      28455   app_timer.o
        56         18        192          0       2048        684   arm_startup_nrf51.o
      1588          6          0          0          0      18592   ble_advdata.o
      1054         40          0         31        259       8437   ble_advertising.o
       594         20          0          0          0      12447   ble_bas.o
       460         58          4         20         60       6448   ble_conn_params.o
       628         16          0         74          0       5375   ble_dis.o
       760         22          0          0          0      10193   ble_hrs.o
        30          0          0          0          0       2064   ble_srv_common.o
      1114        118         60         24        108      13749   bsp.o
       284         10          0          8          0       4509   bsp_btn_ble.o
      2800        210         52         24        335      31517   device_manager_peripheral.o
      2186        276         52         48        908     112614   main.o
        96         18          0          0          0       8396   nrf_drv_common.o
       960        128          0          0         72      21500   nrf_drv_gpiote.o
       438         54          0          0         24      12587   nrf_drv_uart.o
      2830        262         40         36        216      36582   pstorage.o
       106          0          0          0          0       3107   sensorsim.o
       264         24          0         20          0       6500   softdevice_handler.o
       232         36          0          4          0       2255   system_nrf51.o

    ----------------------------------------------------------------------
     18562       1512        440        344       4064     362477   Object Totals
         0          0         32          0          0          0   (incl. Generated)
        26          0          0          3          2          0   (incl. Padding)

    ----------------------------------------------------------------------

      Code (inc. data)   RO Data    RW Data    ZI Data      Debug   Library Member Name

        58          0          0          0          0          0   __dczerorl.o
         0          0          0          0          0          0   entry.o
         0          0          0          0          0          0   entry10a.o
         0          0          0          0          0          0   entry11a.o
         8          4          0          0          0          0   entry2.o
         4          0          0          0          0          0   entry5.o
         0          0          0          0          0          0   entry7b.o
         0          0          0          0          0          0   entry8b.o
         8          4          0          0          0          0   entry9a.o
        30          0          0          0          0          0   handlers.o
        40          0          0          0          0         72   idiv.o
        36          8          0          0          0         68   init.o
        26          0          0          0          0         72   memcmp.o
        64          0          0          0          0         68   memmovea.o
        36          0          0          0          0        100   memseta.o
        14          0          0          0          0         60   strlen.o
        44          0          0          0          0         72   uidiv.o

    ----------------------------------------------------------------------
       370         16          0          0          0        512   Library Totals
         2          0          0          0          0          0   (incl. Padding)

    ----------------------------------------------------------------------

      Code (inc. data)   RO Data    RW Data    ZI Data      Debug   Library Name

       368         16          0          0          0        512   mc_p.l

    ----------------------------------------------------------------------
       370         16          0          0          0        512   Library Totals

    ----------------------------------------------------------------------

==============================================================================


      Code (inc. data)   RO Data    RW Data    ZI Data      Debug   

     18932       1528        440        344       4064     353921   Grand Totals
     18932       1528        440         28       4064     353921   ELF Image Totals (compressed)
     18932       1528        440         28          0          0   ROM Totals

==============================================================================

    Total RO  Size (Code + RO Data)                19372 (  18.92kB)
    Total RW  Size (RW Data + ZI Data)              4408 (   4.30kB)
    Total ROM Size (Code + RO Data + RW Data)      19400 (  18.95kB)

==============================================================================

